2026-09-07T15:42:50.376-0700	info	service@v0.147.0/service.go:241	Starting otelcol-contrib...	{"resource": {"service.instance.id": "632ed66f-4d0b-4e60-98fa-8785692ff12f", "service.name": "otelcol-contrib", "service.version": "0.147.0"}, "Version": "0.147.0", "NumCPU": 32}
2026-09-07T15:42:50.376-0700	info	extensions/extensions.go:40	Starting extensions...	{"resource": {"service.instance.id": "632ed66f-4d0b-4e60-98fa-8785692ff12f", "service.name": "otelcol-contrib", "service.version": "0.147.0"}}
2026-09-07T15:42:50.376-0700	info	otlpreceiver@v0.147.0/otlp.go:175	Starting HTTP server	{"resource": {"service.instance.id": "632ed66f-4d0b-4e60-98fa-8785692ff12f", "service.name": "otelcol-contrib", "service.version": "0.147.0"}, "otelcol.component.id": "otlp", "otelcol.component.kind": "receiver", "endpoint": "127.0.0.1:47247"}
2026-09-07T15:42:50.376-0700	info	service@v0.147.0/service.go:264	Everything is ready. Begin running and processing data.	{"resource": {"service.instance.id": "632ed66f-4d0b-4e60-98fa-8785692ff12f", "service.name": "otelcol-contrib", "service.version": "0.147.0"}}
2026-09-07T15:42:50.423-0700	info	internal/retry_sender.go:133	Exporting failed. Will retry the request after interval.	{"resource": {"service.instance.id": "632ed66f-4d0b-4e60-98fa-8785692ff12f", "service.name": "otelcol-contrib", "service.version": "0.147.0"}, "otelcol.component.id": "otlp_http", "otelcol.component.kind": "exporter", "otelcol.signal": "logs", "error": "Throttle (1s), error: rpc error: code = Unavailable desc = error exporting items, request to http://127.0.0.1:43383/v1/logs responded with HTTP Status Code 503, Message=, Details=[]", "interval": "1s"}
2026-09-07T15:42:50.444-0700	error	internal/base_exporter.go:115	Exporting failed. Rejecting data.	{"resource": {"service.instance.id": "632ed66f-4d0b-4e60-98fa-8785692ff12f", "service.name": "otelcol-contrib", "service.version": "0.147.0"}, "otelcol.component.id": "otlp_http", "otelcol.component.kind": "exporter", "otelcol.signal": "logs", "error": "sending queue is full", "rejected_items": 1}
go.opentelemetry.io/collector/exporter/exporterhelper/internal.(*BaseExporter).Send
	go.opentelemetry.io/collector/exporter/exporterhelper@v0.147.0/internal/base_exporter.go:115
go.opentelemetry.io/collector/exporter/exporterhelper/internal.NewLogsRequest.newConsumeLogs.func1
	go.opentelemetry.io/collector/exporter/exporterhelper@v0.147.0/internal/new_request.go:70
go.opentelemetry.io/collector/consumer.ConsumeLogsFunc.ConsumeLogs
	go.opentelemetry.io/collector/consumer@v1.53.0/logs.go:27
go.opentelemetry.io/collector/service/internal/refconsumer.refLogs.ConsumeLogs
	go.opentelemetry.io/collector/service@v0.147.0/internal/refconsumer/logs.go:29
go.opentelemetry.io/collector/consumer.ConsumeLogsFunc.ConsumeLogs
	go.opentelemetry.io/collector/consumer@v1.53.0/logs.go:27
go.opentelemetry.io/collector/receiver/otlpreceiver/internal/logs.(*Receiver).Export
	go.opentelemetry.io/collector/receiver/otlpreceiver@v0.147.0/internal/logs/otlp.go:41
go.opentelemetry.io/collector/receiver/otlpreceiver.handleLogs
	go.opentelemetry.io/collector/receiver/otlpreceiver@v0.147.0/otlphttp.go:108
go.opentelemetry.io/collector/receiver/otlpreceiver.(*otlpReceiver).startHTTPServer.func3
	go.opentelemetry.io/collector/receiver/otlpreceiver@v0.147.0/otlp.go:155
net/http.HandlerFunc.ServeHTTP
	net/http/server.go:2286
net/http.(*ServeMux).ServeHTTP
	net/http/server.go:2828
go.opentelemetry.io/collector/config/confighttp.(*decompressor).ServeHTTP
	go.opentelemetry.io/collector/config/confighttp@v0.147.0/compression.go:277
go.opentelemetry.io/collector/config/confighttp.(*ServerConfig).ToServer.maxRequestBodySizeInterceptor.func2
	go.opentelemetry.io/collector/config/confighttp@v0.147.0/server.go:384
net/http.HandlerFunc.ServeHTTP
	net/http/server.go:2286
go.opentelemetry.io/contrib/instrumentation/net/http/otelhttp.(*middleware).serveHTTP
	go.opentelemetry.io/contrib/instrumentation/net/http/otelhttp@v0.65.0/handler.go:178
go.opentelemetry.io/contrib/instrumentation/net/http/otelhttp.NewMiddleware.func1.1
	go.opentelemetry.io/contrib/instrumentation/net/http/otelhttp@v0.65.0/handler.go:66
net/http.HandlerFunc.ServeHTTP
	net/http/server.go:2286
go.opentelemetry.io/collector/config/confighttp.(*clientInfoHandler).ServeHTTP
	go.opentelemetry.io/collector/config/confighttp@v0.147.0/clientinfohandler.go:26
net/http.serverHandler.ServeHTTP
	net/http/server.go:3311
net/http.(*conn).serve
	net/http/server.go:2073
2026-09-07T15:42:50.454-0700	error	internal/base_exporter.go:115	Exporting failed. Rejecting data.	{"resource": {"service.instance.id": "632ed66f-4d0b-4e60-98fa-8785692ff12f", "service.name": "otelcol-contrib", "service.version": "0.147.0"}, "otelcol.component.id": "otlp_http", "otelcol.component.kind": "exporter", "otelcol.signal": "logs", "error": "sending queue is full", "rejected_items": 1}
go.opentelemetry.io/collector/exporter/exporterhelper/internal.(*BaseExporter).Send
	go.opentelemetry.io/collector/exporter/exporterhelper@v0.147.0/internal/base_exporter.go:115
go.opentelemetry.io/collector/exporter/exporterhelper/internal.NewLogsRequest.newConsumeLogs.func1
	go.opentelemetry.io/collector/exporter/exporterhelper@v0.147.0/internal/new_request.go:70
go.opentelemetry.io/collector/consumer.ConsumeLogsFunc.ConsumeLogs
	go.opentelemetry.io/collector/consumer@v1.53.0/logs.go:27
go.opentelemetry.io/collector/service/internal/refconsumer.refLogs.ConsumeLogs
	go.opentelemetry.io/collector/service@v0.147.0/internal/refconsumer/logs.go:29
go.opentelemetry.io/collector/consumer.ConsumeLogsFunc.ConsumeLogs
	go.opentelemetry.io/collector/consumer@v1.53.0/logs.go:27
go.opentelemetry.io/collector/receiver/otlpreceiver/internal/logs.(*Receiver).Export
	go.opentelemetry.io/collector/receiver/otlpreceiver@v0.147.0/internal/logs/otlp.go:41
go.opentelemetry.io/collector/receiver/otlpreceiver.handleLogs
	go.opentelemetry.io/collector/receiver/otlpreceiver@v0.147.0/otlphttp.go:108
go.opentelemetry.io/collector/receiver/otlpreceiver.(*otlpReceiver).startHTTPServer.func3
	go.opentelemetry.io/collector/receiver/otlpreceiver@v0.147.0/otlp.go:155
net/http.HandlerFunc.ServeHTTP
	net/http/server.go:2286
net/http.(*ServeMux).ServeHTTP
	net/http/server.go:2828
go.opentelemetry.io/collector/config/confighttp.(*decompressor).ServeHTTP
	go.opentelemetry.io/collector/config/confighttp@v0.147.0/compression.go:277
go.opentelemetry.io/collector/config/confighttp.(*ServerConfig).ToServer.maxRequestBodySizeInterceptor.func2
	go.opentelemetry.io/collector/config/confighttp@v0.147.0/server.go:384
net/http.HandlerFunc.ServeHTTP
	net/http/server.go:2286
go.opentelemetry.io/contrib/instrumentation/net/http/otelhttp.(*middleware).serveHTTP
	go.opentelemetry.io/contrib/instrumentation/net/http/otelhttp@v0.65.0/handler.go:178
go.opentelemetry.io/contrib/instrumentation/net/http/otelhttp.NewMiddleware.func1.1
	go.opentelemetry.io/contrib/instrumentation/net/http/otelhttp@v0.65.0/handler.go:66
net/http.HandlerFunc.ServeHTTP
	net/http/server.go:2286
go.opentelemetry.io/collector/config/confighttp.(*clientInfoHandler).ServeHTTP
	go.opentelemetry.io/collector/config/confighttp@v0.147.0/clientinfohandler.go:26
net/http.serverHandler.ServeHTTP
	net/http/server.go:3311
net/http.(*conn).serve
	net/http/server.go:2073
2026-09-07T15:42:50.465-0700	error	internal/base_exporter.go:115	Exporting failed. Rejecting data.	{"resource": {"service.instance.id": "632ed66f-4d0b-4e60-98fa-8785692ff12f", "service.name": "otelcol-contrib", "service.version": "0.147.0"}, "otelcol.component.id": "otlp_http", "otelcol.component.kind": "exporter", "otelcol.signal": "logs", "error": "sending queue is full", "rejected_items": 1}
go.opentelemetry.io/collector/exporter/exporterhelper/internal.(*BaseExporter).Send
	go.opentelemetry.io/collector/exporter/exporterhelper@v0.147.0/internal/base_exporter.go:115
go.opentelemetry.io/collector/exporter/exporterhelper/internal.NewLogsRequest.newConsumeLogs.func1
	go.opentelemetry.io/collector/exporter/exporterhelper@v0.147.0/internal/new_request.go:70
go.opentelemetry.io/collector/consumer.ConsumeLogsFunc.ConsumeLogs
	go.opentelemetry.io/collector/consumer@v1.53.0/logs.go:27
go.opentelemetry.io/collector/service/internal/refconsumer.refLogs.ConsumeLogs
	go.opentelemetry.io/collector/service@v0.147.0/internal/refconsumer/logs.go:29
go.opentelemetry.io/collector/consumer.ConsumeLogsFunc.ConsumeLogs
	go.opentelemetry.io/collector/consumer@v1.53.0/logs.go:27
go.opentelemetry.io/collector/receiver/otlpreceiver/internal/logs.(*Receiver).Export
	go.opentelemetry.io/collector/receiver/otlpreceiver@v0.147.0/internal/logs/otlp.go:41
go.opentelemetry.io/collector/receiver/otlpreceiver.handleLogs
	go.opentelemetry.io/collector/receiver/otlpreceiver@v0.147.0/otlphttp.go:108
go.opentelemetry.io/collector/receiver/otlpreceiver.(*otlpReceiver).startHTTPServer.func3
	go.opentelemetry.io/collector/receiver/otlpreceiver@v0.147.0/otlp.go:155
net/http.HandlerFunc.ServeHTTP
	net/http/server.go:2286
net/http.(*ServeMux).ServeHTTP
	net/http/server.go:2828
go.opentelemetry.io/collector/config/confighttp.(*decompressor).ServeHTTP
	go.opentelemetry.io/collector/config/confighttp@v0.147.0/compression.go:277
go.opentelemetry.io/collector/config/confighttp.(*ServerConfig).ToServer.maxRequestBodySizeInterceptor.func2
	go.opentelemetry.io/collector/config/confighttp@v0.147.0/server.go:384
net/http.HandlerFunc.ServeHTTP
	net/http/server.go:2286
go.opentelemetry.io/contrib/instrumentation/net/http/otelhttp.(*middleware).serveHTTP
	go.opentelemetry.io/contrib/instrumentation/net/http/otelhttp@v0.65.0/handler.go:178
go.opentelemetry.io/contrib/instrumentation/net/http/otelhttp.NewMiddleware.func1.1
	go.opentelemetry.io/contrib/instrumentation/net/http/otelhttp@v0.65.0/handler.go:66
net/http.HandlerFunc.ServeHTTP
	net/http/server.go:2286
go.opentelemetry.io/collector/config/confighttp.(*clientInfoHandler).ServeHTTP
	go.opentelemetry.io/collector/config/confighttp@v0.147.0/clientinfohandler.go:26
net/http.serverHandler.ServeHTTP
	net/http/server.go:3311
net/http.(*conn).serve
	net/http/server.go:2073
2026-09-07T15:42:50.475-0700	error	internal/base_exporter.go:115	Exporting failed. Rejecting data.	{"resource": {"service.instance.id": "632ed66f-4d0b-4e60-98fa-8785692ff12f", "service.name": "otelcol-contrib", "service.version": "0.147.0"}, "otelcol.component.id": "otlp_http", "otelcol.component.kind": "exporter", "otelcol.signal": "logs", "error": "sending queue is full", "rejected_items": 1}
go.opentelemetry.io/collector/exporter/exporterhelper/internal.(*BaseExporter).Send
	go.opentelemetry.io/collector/exporter/exporterhelper@v0.147.0/internal/base_exporter.go:115
go.opentelemetry.io/collector/exporter/exporterhelper/internal.NewLogsRequest.newConsumeLogs.func1
	go.opentelemetry.io/collector/exporter/exporterhelper@v0.147.0/internal/new_request.go:70
go.opentelemetry.io/collector/consumer.ConsumeLogsFunc.ConsumeLogs
	go.opentelemetry.io/collector/consumer@v1.53.0/logs.go:27
go.opentelemetry.io/collector/service/internal/refconsumer.refLogs.ConsumeLogs
	go.opentelemetry.io/collector/service@v0.147.0/internal/refconsumer/logs.go:29
go.opentelemetry.io/collector/consumer.ConsumeLogsFunc.ConsumeLogs
	go.opentelemetry.io/collector/consumer@v1.53.0/logs.go:27
go.opentelemetry.io/collector/receiver/otlpreceiver/internal/logs.(*Receiver).Export
	go.opentelemetry.io/collector/receiver/otlpreceiver@v0.147.0/internal/logs/otlp.go:41
go.opentelemetry.io/collector/receiver/otlpreceiver.handleLogs
	go.opentelemetry.io/collector/receiver/otlpreceiver@v0.147.0/otlphttp.go:108
go.opentelemetry.io/collector/receiver/otlpreceiver.(*otlpReceiver).startHTTPServer.func3
	go.opentelemetry.io/collector/receiver/otlpreceiver@v0.147.0/otlp.go:155
net/http.HandlerFunc.ServeHTTP
	net/http/server.go:2286
net/http.(*ServeMux).ServeHTTP
	net/http/server.go:2828
go.opentelemetry.io/collector/config/confighttp.(*decompressor).ServeHTTP
	go.opentelemetry.io/collector/config/confighttp@v0.147.0/compression.go:277
go.opentelemetry.io/collector/config/confighttp.(*ServerConfig).ToServer.maxRequestBodySizeInterceptor.func2
	go.opentelemetry.io/collector/config/confighttp@v0.147.0/server.go:384
net/http.HandlerFunc.ServeHTTP
	net/http/server.go:2286
go.opentelemetry.io/contrib/instrumentation/net/http/otelhttp.(*middleware).serveHTTP
	go.opentelemetry.io/contrib/instrumentation/net/http/otelhttp@v0.65.0/handler.go:178
go.opentelemetry.io/contrib/instrumentation/net/http/otelhttp.NewMiddleware.func1.1
	go.opentelemetry.io/contrib/instrumentation/net/http/otelhttp@v0.65.0/handler.go:66
net/http.HandlerFunc.ServeHTTP
	net/http/server.go:2286
go.opentelemetry.io/collector/config/confighttp.(*clientInfoHandler).ServeHTTP
	go.opentelemetry.io/collector/config/confighttp@v0.147.0/clientinfohandler.go:26
net/http.serverHandler.ServeHTTP
	net/http/server.go:3311
net/http.(*conn).serve
	net/http/server.go:2073
2026-09-07T15:42:50.486-0700	error	internal/base_exporter.go:115	Exporting failed. Rejecting data.	{"resource": {"service.instance.id": "632ed66f-4d0b-4e60-98fa-8785692ff12f", "service.name": "otelcol-contrib", "service.version": "0.147.0"}, "otelcol.component.id": "otlp_http", "otelcol.component.kind": "exporter", "otelcol.signal": "logs", "error": "sending queue is full", "rejected_items": 1}
go.opentelemetry.io/collector/exporter/exporterhelper/internal.(*BaseExporter).Send
	go.opentelemetry.io/collector/exporter/exporterhelper@v0.147.0/internal/base_exporter.go:115
go.opentelemetry.io/collector/exporter/exporterhelper/internal.NewLogsRequest.newConsumeLogs.func1
	go.opentelemetry.io/collector/exporter/exporterhelper@v0.147.0/internal/new_request.go:70
go.opentelemetry.io/collector/consumer.ConsumeLogsFunc.ConsumeLogs
	go.opentelemetry.io/collector/consumer@v1.53.0/logs.go:27
go.opentelemetry.io/collector/service/internal/refconsumer.refLogs.ConsumeLogs
	go.opentelemetry.io/collector/service@v0.147.0/internal/refconsumer/logs.go:29
go.opentelemetry.io/collector/consumer.ConsumeLogsFunc.ConsumeLogs
	go.opentelemetry.io/collector/consumer@v1.53.0/logs.go:27
go.opentelemetry.io/collector/receiver/otlpreceiver/internal/logs.(*Receiver).Export
	go.opentelemetry.io/collector/receiver/otlpreceiver@v0.147.0/internal/logs/otlp.go:41
go.opentelemetry.io/collector/receiver/otlpreceiver.handleLogs
	go.opentelemetry.io/collector/receiver/otlpreceiver@v0.147.0/otlphttp.go:108
go.opentelemetry.io/collector/receiver/otlpreceiver.(*otlpReceiver).startHTTPServer.func3
	go.opentelemetry.io/collector/receiver/otlpreceiver@v0.147.0/otlp.go:155
net/http.HandlerFunc.ServeHTTP
	net/http/server.go:2286
net/http.(*ServeMux).ServeHTTP
	net/http/server.go:2828
go.opentelemetry.io/collector/config/confighttp.(*decompressor).ServeHTTP
	go.opentelemetry.io/collector/config/confighttp@v0.147.0/compression.go:277
go.opentelemetry.io/collector/config/confighttp.(*ServerConfig).ToServer.maxRequestBodySizeInterceptor.func2
	go.opentelemetry.io/collector/config/confighttp@v0.147.0/server.go:384
net/http.HandlerFunc.ServeHTTP
	net/http/server.go:2286
go.opentelemetry.io/contrib/instrumentation/net/http/otelhttp.(*middleware).serveHTTP
	go.opentelemetry.io/contrib/instrumentation/net/http/otelhttp@v0.65.0/handler.go:178
go.opentelemetry.io/contrib/instrumentation/net/http/otelhttp.NewMiddleware.func1.1
	go.opentelemetry.io/contrib/instrumentation/net/http/otelhttp@v0.65.0/handler.go:66
net/http.HandlerFunc.ServeHTTP
	net/http/server.go:2286
go.opentelemetry.io/collector/config/confighttp.(*clientInfoHandler).ServeHTTP
	go.opentelemetry.io/collector/config/confighttp@v0.147.0/clientinfohandler.go:26
net/http.serverHandler.ServeHTTP
	net/http/server.go:3311
net/http.(*conn).serve
	net/http/server.go:2073
2026-09-07T15:42:50.496-0700	error	internal/base_exporter.go:115	Exporting failed. Rejecting data.	{"resource": {"service.instance.id": "632ed66f-4d0b-4e60-98fa-8785692ff12f", "service.name": "otelcol-contrib", "service.version": "0.147.0"}, "otelcol.component.id": "otlp_http", "otelcol.component.kind": "exporter", "otelcol.signal": "logs", "error": "sending queue is full", "rejected_items": 1}
go.opentelemetry.io/collector/exporter/exporterhelper/internal.(*BaseExporter).Send
	go.opentelemetry.io/collector/exporter/exporterhelper@v0.147.0/internal/base_exporter.go:115
go.opentelemetry.io/collector/exporter/exporterhelper/internal.NewLogsRequest.newConsumeLogs.func1
	go.opentelemetry.io/collector/exporter/exporterhelper@v0.147.0/internal/new_request.go:70
go.opentelemetry.io/collector/consumer.ConsumeLogsFunc.ConsumeLogs
	go.opentelemetry.io/collector/consumer@v1.53.0/logs.go:27
go.opentelemetry.io/collector/service/internal/refconsumer.refLogs.ConsumeLogs
	go.opentelemetry.io/collector/service@v0.147.0/internal/refconsumer/logs.go:29
go.opentelemetry.io/collector/consumer.ConsumeLogsFunc.ConsumeLogs
	go.opentelemetry.io/collector/consumer@v1.53.0/logs.go:27
go.opentelemetry.io/collector/receiver/otlpreceiver/internal/logs.(*Receiver).Export
	go.opentelemetry.io/collector/receiver/otlpreceiver@v0.147.0/internal/logs/otlp.go:41
go.opentelemetry.io/collector/receiver/otlpreceiver.handleLogs
	go.opentelemetry.io/collector/receiver/otlpreceiver@v0.147.0/otlphttp.go:108
go.opentelemetry.io/collector/receiver/otlpreceiver.(*otlpReceiver).startHTTPServer.func3
	go.opentelemetry.io/collector/receiver/otlpreceiver@v0.147.0/otlp.go:155
net/http.HandlerFunc.ServeHTTP
	net/http/server.go:2286
net/http.(*ServeMux).ServeHTTP
	net/http/server.go:2828
go.opentelemetry.io/collector/config/confighttp.(*decompressor).ServeHTTP
	go.opentelemetry.io/collector/config/confighttp@v0.147.0/compression.go:277
go.opentelemetry.io/collector/config/confighttp.(*ServerConfig).ToServer.maxRequestBodySizeInterceptor.func2
	go.opentelemetry.io/collector/config/confighttp@v0.147.0/server.go:384
net/http.HandlerFunc.ServeHTTP
	net/http/server.go:2286
go.opentelemetry.io/contrib/instrumentation/net/http/otelhttp.(*middleware).serveHTTP
	go.opentelemetry.io/contrib/instrumentation/net/http/otelhttp@v0.65.0/handler.go:178
go.opentelemetry.io/contrib/instrumentation/net/http/otelhttp.NewMiddleware.func1.1
	go.opentelemetry.io/contrib/instrumentation/net/http/otelhttp@v0.65.0/handler.go:66
net/http.HandlerFunc.ServeHTTP
	net/http/server.go:2286
go.opentelemetry.io/collector/config/confighttp.(*clientInfoHandler).ServeHTTP
	go.opentelemetry.io/collector/config/confighttp@v0.147.0/clientinfohandler.go:26
net/http.serverHandler.ServeHTTP
	net/http/server.go:3311
net/http.(*conn).serve
	net/http/server.go:2073
2026-09-07T15:42:50.507-0700	error	internal/base_exporter.go:115	Exporting failed. Rejecting data.	{"resource": {"service.instance.id": "632ed66f-4d0b-4e60-98fa-8785692ff12f", "service.name": "otelcol-contrib", "service.version": "0.147.0"}, "otelcol.component.id": "otlp_http", "otelcol.component.kind": "exporter", "otelcol.signal": "logs", "error": "sending queue is full", "rejected_items": 1}
go.opentelemetry.io/collector/exporter/exporterhelper/internal.(*BaseExporter).Send
	go.opentelemetry.io/collector/exporter/exporterhelper@v0.147.0/internal/base_exporter.go:115
go.opentelemetry.io/collector/exporter/exporterhelper/internal.NewLogsRequest.newConsumeLogs.func1
	go.opentelemetry.io/collector/exporter/exporterhelper@v0.147.0/internal/new_request.go:70
go.opentelemetry.io/collector/consumer.ConsumeLogsFunc.ConsumeLogs
	go.opentelemetry.io/collector/consumer@v1.53.0/logs.go:27
go.opentelemetry.io/collector/service/internal/refconsumer.refLogs.ConsumeLogs
	go.opentelemetry.io/collector/service@v0.147.0/internal/refconsumer/logs.go:29
go.opentelemetry.io/collector/consumer.ConsumeLogsFunc.ConsumeLogs
	go.opentelemetry.io/collector/consumer@v1.53.0/logs.go:27
go.opentelemetry.io/collector/receiver/otlpreceiver/internal/logs.(*Receiver).Export
	go.opentelemetry.io/collector/receiver/otlpreceiver@v0.147.0/internal/logs/otlp.go:41
go.opentelemetry.io/collector/receiver/otlpreceiver.handleLogs
	go.opentelemetry.io/collector/receiver/otlpreceiver@v0.147.0/otlphttp.go:108
go.opentelemetry.io/collector/receiver/otlpreceiver.(*otlpReceiver).startHTTPServer.func3
	go.opentelemetry.io/collector/receiver/otlpreceiver@v0.147.0/otlp.go:155
net/http.HandlerFunc.ServeHTTP
	net/http/server.go:2286
net/http.(*ServeMux).ServeHTTP
	net/http/server.go:2828
go.opentelemetry.io/collector/config/confighttp.(*decompressor).ServeHTTP
	go.opentelemetry.io/collector/config/confighttp@v0.147.0/compression.go:277
go.opentelemetry.io/collector/config/confighttp.(*ServerConfig).ToServer.maxRequestBodySizeInterceptor.func2
	go.opentelemetry.io/collector/config/confighttp@v0.147.0/server.go:384
net/http.HandlerFunc.ServeHTTP
	net/http/server.go:2286
go.opentelemetry.io/contrib/instrumentation/net/http/otelhttp.(*middleware).serveHTTP
	go.opentelemetry.io/contrib/instrumentation/net/http/otelhttp@v0.65.0/handler.go:178
go.opentelemetry.io/contrib/instrumentation/net/http/otelhttp.NewMiddleware.func1.1
	go.opentelemetry.io/contrib/instrumentation/net/http/otelhttp@v0.65.0/handler.go:66
net/http.HandlerFunc.ServeHTTP
	net/http/server.go:2286
go.opentelemetry.io/collector/config/confighttp.(*clientInfoHandler).ServeHTTP
	go.opentelemetry.io/collector/config/confighttp@v0.147.0/clientinfohandler.go:26
net/http.serverHandler.ServeHTTP
	net/http/server.go:3311
net/http.(*conn).serve
	net/http/server.go:2073
2026-09-07T15:42:50.517-0700	error	internal/base_exporter.go:115	Exporting failed. Rejecting data.	{"resource": {"service.instance.id": "632ed66f-4d0b-4e60-98fa-8785692ff12f", "service.name": "otelcol-contrib", "service.version": "0.147.0"}, "otelcol.component.id": "otlp_http", "otelcol.component.kind": "exporter", "otelcol.signal": "logs", "error": "sending queue is full", "rejected_items": 1}
go.opentelemetry.io/collector/exporter/exporterhelper/internal.(*BaseExporter).Send
	go.opentelemetry.io/collector/exporter/exporterhelper@v0.147.0/internal/base_exporter.go:115
go.opentelemetry.io/collector/exporter/exporterhelper/internal.NewLogsRequest.newConsumeLogs.func1
	go.opentelemetry.io/collector/exporter/exporterhelper@v0.147.0/internal/new_request.go:70
go.opentelemetry.io/collector/consumer.ConsumeLogsFunc.ConsumeLogs
	go.opentelemetry.io/collector/consumer@v1.53.0/logs.go:27
go.opentelemetry.io/collector/service/internal/refconsumer.refLogs.ConsumeLogs
	go.opentelemetry.io/collector/service@v0.147.0/internal/refconsumer/logs.go:29
go.opentelemetry.io/collector/consumer.ConsumeLogsFunc.ConsumeLogs
	go.opentelemetry.io/collector/consumer@v1.53.0/logs.go:27
go.opentelemetry.io/collector/receiver/otlpreceiver/internal/logs.(*Receiver).Export
	go.opentelemetry.io/collector/receiver/otlpreceiver@v0.147.0/internal/logs/otlp.go:41
go.opentelemetry.io/collector/receiver/otlpreceiver.handleLogs
	go.opentelemetry.io/collector/receiver/otlpreceiver@v0.147.0/otlphttp.go:108
go.opentelemetry.io/collector/receiver/otlpreceiver.(*otlpReceiver).startHTTPServer.func3
	go.opentelemetry.io/collector/receiver/otlpreceiver@v0.147.0/otlp.go:155
net/http.HandlerFunc.ServeHTTP
	net/http/server.go:2286
net/http.(*ServeMux).ServeHTTP
	net/http/server.go:2828
go.opentelemetry.io/collector/config/confighttp.(*decompressor).ServeHTTP
	go.opentelemetry.io/collector/config/confighttp@v0.147.0/compression.go:277
go.opentelemetry.io/collector/config/confighttp.(*ServerConfig).ToServer.maxRequestBodySizeInterceptor.func2
	go.opentelemetry.io/collector/config/confighttp@v0.147.0/server.go:384
net/http.HandlerFunc.ServeHTTP
	net/http/server.go:2286
go.opentelemetry.io/contrib/instrumentation/net/http/otelhttp.(*middleware).serveHTTP
	go.opentelemetry.io/contrib/instrumentation/net/http/otelhttp@v0.65.0/handler.go:178
go.opentelemetry.io/contrib/instrumentation/net/http/otelhttp.NewMiddleware.func1.1
	go.opentelemetry.io/contrib/instrumentation/net/http/otelhttp@v0.65.0/handler.go:66
net/http.HandlerFunc.ServeHTTP
	net/http/server.go:2286
go.opentelemetry.io/collector/config/confighttp.(*clientInfoHandler).ServeHTTP
	go.opentelemetry.io/collector/config/confighttp@v0.147.0/clientinfohandler.go:26
net/http.serverHandler.ServeHTTP
	net/http/server.go:3311
net/http.(*conn).serve
	net/http/server.go:2073
2026-09-07T15:42:50.528-0700	error	internal/base_exporter.go:115	Exporting failed. Rejecting data.	{"resource": {"service.instance.id": "632ed66f-4d0b-4e60-98fa-8785692ff12f", "service.name": "otelcol-contrib", "service.version": "0.147.0"}, "otelcol.component.id": "otlp_http", "otelcol.component.kind": "exporter", "otelcol.signal": "logs", "error": "sending queue is full", "rejected_items": 1}
go.opentelemetry.io/collector/exporter/exporterhelper/internal.(*BaseExporter).Send
	go.opentelemetry.io/collector/exporter/exporterhelper@v0.147.0/internal/base_exporter.go:115
go.opentelemetry.io/collector/exporter/exporterhelper/internal.NewLogsRequest.newConsumeLogs.func1
	go.opentelemetry.io/collector/exporter/exporterhelper@v0.147.0/internal/new_request.go:70
go.opentelemetry.io/collector/consumer.ConsumeLogsFunc.ConsumeLogs
	go.opentelemetry.io/collector/consumer@v1.53.0/logs.go:27
go.opentelemetry.io/collector/service/internal/refconsumer.refLogs.ConsumeLogs
	go.opentelemetry.io/collector/service@v0.147.0/internal/refconsumer/logs.go:29
go.opentelemetry.io/collector/consumer.ConsumeLogsFunc.ConsumeLogs
	go.opentelemetry.io/collector/consumer@v1.53.0/logs.go:27
go.opentelemetry.io/collector/receiver/otlpreceiver/internal/logs.(*Receiver).Export
	go.opentelemetry.io/collector/receiver/otlpreceiver@v0.147.0/internal/logs/otlp.go:41
go.opentelemetry.io/collector/receiver/otlpreceiver.handleLogs
	go.opentelemetry.io/collector/receiver/otlpreceiver@v0.147.0/otlphttp.go:108
go.opentelemetry.io/collector/receiver/otlpreceiver.(*otlpReceiver).startHTTPServer.func3
	go.opentelemetry.io/collector/receiver/otlpreceiver@v0.147.0/otlp.go:155
net/http.HandlerFunc.ServeHTTP
	net/http/server.go:2286
net/http.(*ServeMux).ServeHTTP
	net/http/server.go:2828
go.opentelemetry.io/collector/config/confighttp.(*decompressor).ServeHTTP
	go.opentelemetry.io/collector/config/confighttp@v0.147.0/compression.go:277
go.opentelemetry.io/collector/config/confighttp.(*ServerConfig).ToServer.maxRequestBodySizeInterceptor.func2
	go.opentelemetry.io/collector/config/confighttp@v0.147.0/server.go:384
net/http.HandlerFunc.ServeHTTP
	net/http/server.go:2286
go.opentelemetry.io/contrib/instrumentation/net/http/otelhttp.(*middleware).serveHTTP
	go.opentelemetry.io/contrib/instrumentation/net/http/otelhttp@v0.65.0/handler.go:178
go.opentelemetry.io/contrib/instrumentation/net/http/otelhttp.NewMiddleware.func1.1
	go.opentelemetry.io/contrib/instrumentation/net/http/otelhttp@v0.65.0/handler.go:66
net/http.HandlerFunc.ServeHTTP
	net/http/server.go:2286
go.opentelemetry.io/collector/config/confighttp.(*clientInfoHandler).ServeHTTP
	go.opentelemetry.io/collector/config/confighttp@v0.147.0/clientinfohandler.go:26
net/http.serverHandler.ServeHTTP
	net/http/server.go:3311
net/http.(*conn).serve
	net/http/server.go:2073
2026-09-07T15:42:50.541-0700	error	internal/base_exporter.go:115	Exporting failed. Rejecting data.	{"resource": {"service.instance.id": "632ed66f-4d0b-4e60-98fa-8785692ff12f", "service.name": "otelcol-contrib", "service.version": "0.147.0"}, "otelcol.component.id": "otlp_http", "otelcol.component.kind": "exporter", "otelcol.signal": "logs", "error": "sending queue is full", "rejected_items": 1}
go.opentelemetry.io/collector/exporter/exporterhelper/internal.(*BaseExporter).Send
	go.opentelemetry.io/collector/exporter/exporterhelper@v0.147.0/internal/base_exporter.go:115
go.opentelemetry.io/collector/exporter/exporterhelper/internal.NewLogsRequest.newConsumeLogs.func1
	go.opentelemetry.io/collector/exporter/exporterhelper@v0.147.0/internal/new_request.go:70
go.opentelemetry.io/collector/consumer.ConsumeLogsFunc.ConsumeLogs
	go.opentelemetry.io/collector/consumer@v1.53.0/logs.go:27
go.opentelemetry.io/collector/service/internal/refconsumer.refLogs.ConsumeLogs
	go.opentelemetry.io/collector/service@v0.147.0/internal/refconsumer/logs.go:29
go.opentelemetry.io/collector/consumer.ConsumeLogsFunc.ConsumeLogs
	go.opentelemetry.io/collector/consumer@v1.53.0/logs.go:27
go.opentelemetry.io/collector/receiver/otlpreceiver/internal/logs.(*Receiver).Export
	go.opentelemetry.io/collector/receiver/otlpreceiver@v0.147.0/internal/logs/otlp.go:41
go.opentelemetry.io/collector/receiver/otlpreceiver.handleLogs
	go.opentelemetry.io/collector/receiver/otlpreceiver@v0.147.0/otlphttp.go:108
go.opentelemetry.io/collector/receiver/otlpreceiver.(*otlpReceiver).startHTTPServer.func3
	go.opentelemetry.io/collector/receiver/otlpreceiver@v0.147.0/otlp.go:155
net/http.HandlerFunc.ServeHTTP
	net/http/server.go:2286
net/http.(*ServeMux).ServeHTTP
	net/http/server.go:2828
go.opentelemetry.io/collector/config/confighttp.(*decompressor).ServeHTTP
	go.opentelemetry.io/collector/config/confighttp@v0.147.0/compression.go:277
go.opentelemetry.io/collector/config/confighttp.(*ServerConfig).ToServer.maxRequestBodySizeInterceptor.func2
	go.opentelemetry.io/collector/config/confighttp@v0.147.0/server.go:384
net/http.HandlerFunc.ServeHTTP
	net/http/server.go:2286
go.opentelemetry.io/contrib/instrumentation/net/http/otelhttp.(*middleware).serveHTTP
	go.opentelemetry.io/contrib/instrumentation/net/http/otelhttp@v0.65.0/handler.go:178
go.opentelemetry.io/contrib/instrumentation/net/http/otelhttp.NewMiddleware.func1.1
	go.opentelemetry.io/contrib/instrumentation/net/http/otelhttp@v0.65.0/handler.go:66
net/http.HandlerFunc.ServeHTTP
	net/http/server.go:2286
go.opentelemetry.io/collector/config/confighttp.(*clientInfoHandler).ServeHTTP
	go.opentelemetry.io/collector/config/confighttp@v0.147.0/clientinfohandler.go:26
net/http.serverHandler.ServeHTTP
	net/http/server.go:3311
net/http.(*conn).serve
	net/http/server.go:2073
2026-09-07T15:42:52.677-0700	info	otelcol@v0.147.0/collector.go:375	Received signal from OS	{"resource": {"service.instance.id": "632ed66f-4d0b-4e60-98fa-8785692ff12f", "service.name": "otelcol-contrib", "service.version": "0.147.0"}, "signal": "terminated"}
2026-09-07T15:42:52.677-0700	info	service@v0.147.0/service.go:278	Starting shutdown...	{"resource": {"service.instance.id": "632ed66f-4d0b-4e60-98fa-8785692ff12f", "service.name": "otelcol-contrib", "service.version": "0.147.0"}}
2026-09-07T15:42:52.677-0700	info	extensions/extensions.go:68	Stopping extensions...	{"resource": {"service.instance.id": "632ed66f-4d0b-4e60-98fa-8785692ff12f", "service.name": "otelcol-contrib", "service.version": "0.147.0"}}
2026-09-07T15:42:52.677-0700	info	service@v0.147.0/service.go:292	Shutdown complete.	{"resource": {"service.instance.id": "632ed66f-4d0b-4e60-98fa-8785692ff12f", "service.name": "otelcol-contrib", "service.version": "0.147.0"}}
