2026-09-07T16:48:53.053-0700	info	otelconftelemetry/tracer.go:47	Internal trace telemetry disabled	{"resource": {"service.instance.id": "1d54afe2-fdb8-4008-a362-e006849ee4a5", "service.name": "otelcol-contrib", "service.version": "0.160.0"}}
2026-09-07T16:48:53.055-0700	info	service@v0.160.0/service.go:261	Starting otelcol-contrib...	{"resource": {"service.instance.id": "1d54afe2-fdb8-4008-a362-e006849ee4a5", "service.name": "otelcol-contrib", "service.version": "0.160.0"}, "Version": "0.160.0", "NumCPU": 32}
2026-09-07T16:48:53.055-0700	info	extensions/extensions.go:44	Starting extensions...	{"resource": {"service.instance.id": "1d54afe2-fdb8-4008-a362-e006849ee4a5", "service.name": "otelcol-contrib", "service.version": "0.160.0"}}
2026-09-07T16:48:53.055-0700	info	extensions/extensions.go:48	Extension is starting...	{"resource": {"service.instance.id": "1d54afe2-fdb8-4008-a362-e006849ee4a5", "service.name": "otelcol-contrib", "service.version": "0.160.0"}, "otelcol.component.id": "file_storage", "otelcol.component.kind": "extension"}
2026-09-07T16:48:53.055-0700	info	extensions/extensions.go:66	Extension started.	{"resource": {"service.instance.id": "1d54afe2-fdb8-4008-a362-e006849ee4a5", "service.name": "otelcol-contrib", "service.version": "0.160.0"}, "otelcol.component.id": "file_storage", "otelcol.component.kind": "extension"}
2026-09-07T16:48:53.076-0700	info	queue/persistent_queue.go:166	New queue metadata key not found, attempting to load legacy format.	{"resource": {"service.instance.id": "1d54afe2-fdb8-4008-a362-e006849ee4a5", "service.name": "otelcol-contrib", "service.version": "0.160.0"}, "otelcol.component.id": "otlp_http", "otelcol.component.kind": "exporter", "otelcol.signal": "logs"}
2026-09-07T16:48:53.076-0700	info	queue/persistent_queue.go:213	Initializing new persistent queue	{"resource": {"service.instance.id": "1d54afe2-fdb8-4008-a362-e006849ee4a5", "service.name": "otelcol-contrib", "service.version": "0.160.0"}, "otelcol.component.id": "otlp_http", "otelcol.component.kind": "exporter", "otelcol.signal": "logs"}
2026-09-07T16:48:53.076-0700	info	queue/persistent_queue.go:241	Successfully migrated to consolidated metadata format	{"resource": {"service.instance.id": "1d54afe2-fdb8-4008-a362-e006849ee4a5", "service.name": "otelcol-contrib", "service.version": "0.160.0"}, "otelcol.component.id": "otlp_http", "otelcol.component.kind": "exporter", "otelcol.signal": "logs"}
2026-09-07T16:48:53.076-0700	info	otlpreceiver@v0.160.0/otlp.go:175	Starting HTTP server	{"resource": {"service.instance.id": "1d54afe2-fdb8-4008-a362-e006849ee4a5", "service.name": "otelcol-contrib", "service.version": "0.160.0"}, "otelcol.component.id": "otlp", "otelcol.component.kind": "receiver", "endpoint": "127.0.0.1:45931"}
2026-09-07T16:48:53.076-0700	info	service@v0.160.0/service.go:284	Everything is ready. Begin running and processing data.	{"resource": {"service.instance.id": "1d54afe2-fdb8-4008-a362-e006849ee4a5", "service.name": "otelcol-contrib", "service.version": "0.160.0"}}
2026-09-07T16:48:53.166-0700	info	internal/retry_sender.go:136	Exporting failed. Will retry the request after interval.	{"resource": {"service.instance.id": "1d54afe2-fdb8-4008-a362-e006849ee4a5", "service.name": "otelcol-contrib", "service.version": "0.160.0"}, "otelcol.component.id": "otlp_http", "otelcol.component.kind": "exporter", "otelcol.signal": "logs", "error": "Throttle (1s), error: rpc error: code = Unavailable desc = error exporting items, request to http://127.0.0.1:39811/v1/logs responded with HTTP Status Code 503, Message=, Details=[]", "interval": "1s"}
2026-09-07T16:48:53.254-0700	error	internal/base_exporter.go:119	Exporting failed. Rejecting data.	{"resource": {"service.instance.id": "1d54afe2-fdb8-4008-a362-e006849ee4a5", "service.name": "otelcol-contrib", "service.version": "0.160.0"}, "otelcol.component.id": "otlp_http", "otelcol.component.kind": "exporter", "otelcol.signal": "logs", "error": "file resize error: truncate /home/postedism/Desktop/crosscutting-careers/B-telemetry-loss-clinic/.runs/latest/storage_limit/queue/exporter_otlp_http__logs: file too large", "rejected_items": 1}
go.opentelemetry.io/collector/exporter/exporterhelper/internal.(*BaseExporter).Send
	go.opentelemetry.io/collector/exporter/exporterhelper@v0.160.0/internal/base_exporter.go:119
go.opentelemetry.io/collector/exporter/exporterhelper/internal.NewLogsRequest.newConsumeLogs.func1
	go.opentelemetry.io/collector/exporter/exporterhelper@v0.160.0/internal/new_request.go:70
go.opentelemetry.io/collector/consumer.ConsumeLogsFunc.ConsumeLogs
	go.opentelemetry.io/collector/consumer@v1.66.0/logs.go:27
go.opentelemetry.io/collector/service/internal/refconsumer.refLogs.ConsumeLogs
	go.opentelemetry.io/collector/service@v0.160.0/internal/refconsumer/logs.go:29
go.opentelemetry.io/collector/consumer.ConsumeLogsFunc.ConsumeLogs
	go.opentelemetry.io/collector/consumer@v1.66.0/logs.go:27
go.opentelemetry.io/collector/receiver/otlpreceiver/internal/logs.(*Receiver).Export
	go.opentelemetry.io/collector/receiver/otlpreceiver@v0.160.0/internal/logs/otlp.go:41
go.opentelemetry.io/collector/receiver/otlpreceiver.handleLogs
	go.opentelemetry.io/collector/receiver/otlpreceiver@v0.160.0/otlphttp.go:108
go.opentelemetry.io/collector/receiver/otlpreceiver.(*otlpReceiver).startHTTPServer.func3
	go.opentelemetry.io/collector/receiver/otlpreceiver@v0.160.0/otlp.go:155
net/http.HandlerFunc.ServeHTTP
	net/http/server.go:2286
net/http.(*ServeMux).ServeHTTP
	net/http/server.go:2828
go.opentelemetry.io/collector/config/confighttp.(*decompressor).ServeHTTP
	go.opentelemetry.io/collector/config/confighttp@v0.160.0/compression.go:287
go.opentelemetry.io/collector/config/confighttp.(*ServerConfig).ToServer.maxRequestBodySizeInterceptor.func3
	go.opentelemetry.io/collector/config/confighttp@v0.160.0/server.go:526
net/http.HandlerFunc.ServeHTTP
	net/http/server.go:2286
go.opentelemetry.io/contrib/instrumentation/net/http/otelhttp.(*middleware).serveHTTP
	go.opentelemetry.io/contrib/instrumentation/net/http/otelhttp@v0.70.0/handler.go:185
go.opentelemetry.io/contrib/instrumentation/net/http/otelhttp.NewMiddleware.func2.1
	go.opentelemetry.io/contrib/instrumentation/net/http/otelhttp@v0.70.0/handler.go:67
net/http.HandlerFunc.ServeHTTP
	net/http/server.go:2286
go.opentelemetry.io/collector/config/confighttp.(*clientInfoHandler).ServeHTTP
	go.opentelemetry.io/collector/config/confighttp@v0.160.0/clientinfohandler.go:26
net/http.serverHandler.ServeHTTP
	net/http/server.go:3311
net/http.(*conn).serve
	net/http/server.go:2067
2026-09-07T16:48:53.265-0700	error	internal/base_exporter.go:119	Exporting failed. Rejecting data.	{"resource": {"service.instance.id": "1d54afe2-fdb8-4008-a362-e006849ee4a5", "service.name": "otelcol-contrib", "service.version": "0.160.0"}, "otelcol.component.id": "otlp_http", "otelcol.component.kind": "exporter", "otelcol.signal": "logs", "error": "file resize error: truncate /home/postedism/Desktop/crosscutting-careers/B-telemetry-loss-clinic/.runs/latest/storage_limit/queue/exporter_otlp_http__logs: file too large", "rejected_items": 1}
go.opentelemetry.io/collector/exporter/exporterhelper/internal.(*BaseExporter).Send
	go.opentelemetry.io/collector/exporter/exporterhelper@v0.160.0/internal/base_exporter.go:119
go.opentelemetry.io/collector/exporter/exporterhelper/internal.NewLogsRequest.newConsumeLogs.func1
	go.opentelemetry.io/collector/exporter/exporterhelper@v0.160.0/internal/new_request.go:70
go.opentelemetry.io/collector/consumer.ConsumeLogsFunc.ConsumeLogs
	go.opentelemetry.io/collector/consumer@v1.66.0/logs.go:27
go.opentelemetry.io/collector/service/internal/refconsumer.refLogs.ConsumeLogs
	go.opentelemetry.io/collector/service@v0.160.0/internal/refconsumer/logs.go:29
go.opentelemetry.io/collector/consumer.ConsumeLogsFunc.ConsumeLogs
	go.opentelemetry.io/collector/consumer@v1.66.0/logs.go:27
go.opentelemetry.io/collector/receiver/otlpreceiver/internal/logs.(*Receiver).Export
	go.opentelemetry.io/collector/receiver/otlpreceiver@v0.160.0/internal/logs/otlp.go:41
go.opentelemetry.io/collector/receiver/otlpreceiver.handleLogs
	go.opentelemetry.io/collector/receiver/otlpreceiver@v0.160.0/otlphttp.go:108
go.opentelemetry.io/collector/receiver/otlpreceiver.(*otlpReceiver).startHTTPServer.func3
	go.opentelemetry.io/collector/receiver/otlpreceiver@v0.160.0/otlp.go:155
net/http.HandlerFunc.ServeHTTP
	net/http/server.go:2286
net/http.(*ServeMux).ServeHTTP
	net/http/server.go:2828
go.opentelemetry.io/collector/config/confighttp.(*decompressor).ServeHTTP
	go.opentelemetry.io/collector/config/confighttp@v0.160.0/compression.go:287
go.opentelemetry.io/collector/config/confighttp.(*ServerConfig).ToServer.maxRequestBodySizeInterceptor.func3
	go.opentelemetry.io/collector/config/confighttp@v0.160.0/server.go:526
net/http.HandlerFunc.ServeHTTP
	net/http/server.go:2286
go.opentelemetry.io/contrib/instrumentation/net/http/otelhttp.(*middleware).serveHTTP
	go.opentelemetry.io/contrib/instrumentation/net/http/otelhttp@v0.70.0/handler.go:185
go.opentelemetry.io/contrib/instrumentation/net/http/otelhttp.NewMiddleware.func2.1
	go.opentelemetry.io/contrib/instrumentation/net/http/otelhttp@v0.70.0/handler.go:67
net/http.HandlerFunc.ServeHTTP
	net/http/server.go:2286
go.opentelemetry.io/collector/config/confighttp.(*clientInfoHandler).ServeHTTP
	go.opentelemetry.io/collector/config/confighttp@v0.160.0/clientinfohandler.go:26
net/http.serverHandler.ServeHTTP
	net/http/server.go:3311
net/http.(*conn).serve
	net/http/server.go:2067
2026-09-07T16:48:53.276-0700	error	internal/base_exporter.go:119	Exporting failed. Rejecting data.	{"resource": {"service.instance.id": "1d54afe2-fdb8-4008-a362-e006849ee4a5", "service.name": "otelcol-contrib", "service.version": "0.160.0"}, "otelcol.component.id": "otlp_http", "otelcol.component.kind": "exporter", "otelcol.signal": "logs", "error": "file resize error: truncate /home/postedism/Desktop/crosscutting-careers/B-telemetry-loss-clinic/.runs/latest/storage_limit/queue/exporter_otlp_http__logs: file too large", "rejected_items": 1}
go.opentelemetry.io/collector/exporter/exporterhelper/internal.(*BaseExporter).Send
	go.opentelemetry.io/collector/exporter/exporterhelper@v0.160.0/internal/base_exporter.go:119
go.opentelemetry.io/collector/exporter/exporterhelper/internal.NewLogsRequest.newConsumeLogs.func1
	go.opentelemetry.io/collector/exporter/exporterhelper@v0.160.0/internal/new_request.go:70
go.opentelemetry.io/collector/consumer.ConsumeLogsFunc.ConsumeLogs
	go.opentelemetry.io/collector/consumer@v1.66.0/logs.go:27
go.opentelemetry.io/collector/service/internal/refconsumer.refLogs.ConsumeLogs
	go.opentelemetry.io/collector/service@v0.160.0/internal/refconsumer/logs.go:29
go.opentelemetry.io/collector/consumer.ConsumeLogsFunc.ConsumeLogs
	go.opentelemetry.io/collector/consumer@v1.66.0/logs.go:27
go.opentelemetry.io/collector/receiver/otlpreceiver/internal/logs.(*Receiver).Export
	go.opentelemetry.io/collector/receiver/otlpreceiver@v0.160.0/internal/logs/otlp.go:41
go.opentelemetry.io/collector/receiver/otlpreceiver.handleLogs
	go.opentelemetry.io/collector/receiver/otlpreceiver@v0.160.0/otlphttp.go:108
go.opentelemetry.io/collector/receiver/otlpreceiver.(*otlpReceiver).startHTTPServer.func3
	go.opentelemetry.io/collector/receiver/otlpreceiver@v0.160.0/otlp.go:155
net/http.HandlerFunc.ServeHTTP
	net/http/server.go:2286
net/http.(*ServeMux).ServeHTTP
	net/http/server.go:2828
go.opentelemetry.io/collector/config/confighttp.(*decompressor).ServeHTTP
	go.opentelemetry.io/collector/config/confighttp@v0.160.0/compression.go:287
go.opentelemetry.io/collector/config/confighttp.(*ServerConfig).ToServer.maxRequestBodySizeInterceptor.func3
	go.opentelemetry.io/collector/config/confighttp@v0.160.0/server.go:526
net/http.HandlerFunc.ServeHTTP
	net/http/server.go:2286
go.opentelemetry.io/contrib/instrumentation/net/http/otelhttp.(*middleware).serveHTTP
	go.opentelemetry.io/contrib/instrumentation/net/http/otelhttp@v0.70.0/handler.go:185
go.opentelemetry.io/contrib/instrumentation/net/http/otelhttp.NewMiddleware.func2.1
	go.opentelemetry.io/contrib/instrumentation/net/http/otelhttp@v0.70.0/handler.go:67
net/http.HandlerFunc.ServeHTTP
	net/http/server.go:2286
go.opentelemetry.io/collector/config/confighttp.(*clientInfoHandler).ServeHTTP
	go.opentelemetry.io/collector/config/confighttp@v0.160.0/clientinfohandler.go:26
net/http.serverHandler.ServeHTTP
	net/http/server.go:3311
net/http.(*conn).serve
	net/http/server.go:2067
2026-09-07T16:48:53.286-0700	error	internal/base_exporter.go:119	Exporting failed. Rejecting data.	{"resource": {"service.instance.id": "1d54afe2-fdb8-4008-a362-e006849ee4a5", "service.name": "otelcol-contrib", "service.version": "0.160.0"}, "otelcol.component.id": "otlp_http", "otelcol.component.kind": "exporter", "otelcol.signal": "logs", "error": "file resize error: truncate /home/postedism/Desktop/crosscutting-careers/B-telemetry-loss-clinic/.runs/latest/storage_limit/queue/exporter_otlp_http__logs: file too large", "rejected_items": 1}
go.opentelemetry.io/collector/exporter/exporterhelper/internal.(*BaseExporter).Send
	go.opentelemetry.io/collector/exporter/exporterhelper@v0.160.0/internal/base_exporter.go:119
go.opentelemetry.io/collector/exporter/exporterhelper/internal.NewLogsRequest.newConsumeLogs.func1
	go.opentelemetry.io/collector/exporter/exporterhelper@v0.160.0/internal/new_request.go:70
go.opentelemetry.io/collector/consumer.ConsumeLogsFunc.ConsumeLogs
	go.opentelemetry.io/collector/consumer@v1.66.0/logs.go:27
go.opentelemetry.io/collector/service/internal/refconsumer.refLogs.ConsumeLogs
	go.opentelemetry.io/collector/service@v0.160.0/internal/refconsumer/logs.go:29
go.opentelemetry.io/collector/consumer.ConsumeLogsFunc.ConsumeLogs
	go.opentelemetry.io/collector/consumer@v1.66.0/logs.go:27
go.opentelemetry.io/collector/receiver/otlpreceiver/internal/logs.(*Receiver).Export
	go.opentelemetry.io/collector/receiver/otlpreceiver@v0.160.0/internal/logs/otlp.go:41
go.opentelemetry.io/collector/receiver/otlpreceiver.handleLogs
	go.opentelemetry.io/collector/receiver/otlpreceiver@v0.160.0/otlphttp.go:108
go.opentelemetry.io/collector/receiver/otlpreceiver.(*otlpReceiver).startHTTPServer.func3
	go.opentelemetry.io/collector/receiver/otlpreceiver@v0.160.0/otlp.go:155
net/http.HandlerFunc.ServeHTTP
	net/http/server.go:2286
net/http.(*ServeMux).ServeHTTP
	net/http/server.go:2828
go.opentelemetry.io/collector/config/confighttp.(*decompressor).ServeHTTP
	go.opentelemetry.io/collector/config/confighttp@v0.160.0/compression.go:287
go.opentelemetry.io/collector/config/confighttp.(*ServerConfig).ToServer.maxRequestBodySizeInterceptor.func3
	go.opentelemetry.io/collector/config/confighttp@v0.160.0/server.go:526
net/http.HandlerFunc.ServeHTTP
	net/http/server.go:2286
go.opentelemetry.io/contrib/instrumentation/net/http/otelhttp.(*middleware).serveHTTP
	go.opentelemetry.io/contrib/instrumentation/net/http/otelhttp@v0.70.0/handler.go:185
go.opentelemetry.io/contrib/instrumentation/net/http/otelhttp.NewMiddleware.func2.1
	go.opentelemetry.io/contrib/instrumentation/net/http/otelhttp@v0.70.0/handler.go:67
net/http.HandlerFunc.ServeHTTP
	net/http/server.go:2286
go.opentelemetry.io/collector/config/confighttp.(*clientInfoHandler).ServeHTTP
	go.opentelemetry.io/collector/config/confighttp@v0.160.0/clientinfohandler.go:26
net/http.serverHandler.ServeHTTP
	net/http/server.go:3311
net/http.(*conn).serve
	net/http/server.go:2067
2026-09-07T16:48:53.296-0700	error	internal/base_exporter.go:119	Exporting failed. Rejecting data.	{"resource": {"service.instance.id": "1d54afe2-fdb8-4008-a362-e006849ee4a5", "service.name": "otelcol-contrib", "service.version": "0.160.0"}, "otelcol.component.id": "otlp_http", "otelcol.component.kind": "exporter", "otelcol.signal": "logs", "error": "file resize error: truncate /home/postedism/Desktop/crosscutting-careers/B-telemetry-loss-clinic/.runs/latest/storage_limit/queue/exporter_otlp_http__logs: file too large", "rejected_items": 1}
go.opentelemetry.io/collector/exporter/exporterhelper/internal.(*BaseExporter).Send
	go.opentelemetry.io/collector/exporter/exporterhelper@v0.160.0/internal/base_exporter.go:119
go.opentelemetry.io/collector/exporter/exporterhelper/internal.NewLogsRequest.newConsumeLogs.func1
	go.opentelemetry.io/collector/exporter/exporterhelper@v0.160.0/internal/new_request.go:70
go.opentelemetry.io/collector/consumer.ConsumeLogsFunc.ConsumeLogs
	go.opentelemetry.io/collector/consumer@v1.66.0/logs.go:27
go.opentelemetry.io/collector/service/internal/refconsumer.refLogs.ConsumeLogs
	go.opentelemetry.io/collector/service@v0.160.0/internal/refconsumer/logs.go:29
go.opentelemetry.io/collector/consumer.ConsumeLogsFunc.ConsumeLogs
	go.opentelemetry.io/collector/consumer@v1.66.0/logs.go:27
go.opentelemetry.io/collector/receiver/otlpreceiver/internal/logs.(*Receiver).Export
	go.opentelemetry.io/collector/receiver/otlpreceiver@v0.160.0/internal/logs/otlp.go:41
go.opentelemetry.io/collector/receiver/otlpreceiver.handleLogs
	go.opentelemetry.io/collector/receiver/otlpreceiver@v0.160.0/otlphttp.go:108
go.opentelemetry.io/collector/receiver/otlpreceiver.(*otlpReceiver).startHTTPServer.func3
	go.opentelemetry.io/collector/receiver/otlpreceiver@v0.160.0/otlp.go:155
net/http.HandlerFunc.ServeHTTP
	net/http/server.go:2286
net/http.(*ServeMux).ServeHTTP
	net/http/server.go:2828
go.opentelemetry.io/collector/config/confighttp.(*decompressor).ServeHTTP
	go.opentelemetry.io/collector/config/confighttp@v0.160.0/compression.go:287
go.opentelemetry.io/collector/config/confighttp.(*ServerConfig).ToServer.maxRequestBodySizeInterceptor.func3
	go.opentelemetry.io/collector/config/confighttp@v0.160.0/server.go:526
net/http.HandlerFunc.ServeHTTP
	net/http/server.go:2286
go.opentelemetry.io/contrib/instrumentation/net/http/otelhttp.(*middleware).serveHTTP
	go.opentelemetry.io/contrib/instrumentation/net/http/otelhttp@v0.70.0/handler.go:185
go.opentelemetry.io/contrib/instrumentation/net/http/otelhttp.NewMiddleware.func2.1
	go.opentelemetry.io/contrib/instrumentation/net/http/otelhttp@v0.70.0/handler.go:67
net/http.HandlerFunc.ServeHTTP
	net/http/server.go:2286
go.opentelemetry.io/collector/config/confighttp.(*clientInfoHandler).ServeHTTP
	go.opentelemetry.io/collector/config/confighttp@v0.160.0/clientinfohandler.go:26
net/http.serverHandler.ServeHTTP
	net/http/server.go:3311
net/http.(*conn).serve
	net/http/server.go:2067
2026-09-07T16:48:53.306-0700	error	internal/base_exporter.go:119	Exporting failed. Rejecting data.	{"resource": {"service.instance.id": "1d54afe2-fdb8-4008-a362-e006849ee4a5", "service.name": "otelcol-contrib", "service.version": "0.160.0"}, "otelcol.component.id": "otlp_http", "otelcol.component.kind": "exporter", "otelcol.signal": "logs", "error": "file resize error: truncate /home/postedism/Desktop/crosscutting-careers/B-telemetry-loss-clinic/.runs/latest/storage_limit/queue/exporter_otlp_http__logs: file too large", "rejected_items": 1}
go.opentelemetry.io/collector/exporter/exporterhelper/internal.(*BaseExporter).Send
	go.opentelemetry.io/collector/exporter/exporterhelper@v0.160.0/internal/base_exporter.go:119
go.opentelemetry.io/collector/exporter/exporterhelper/internal.NewLogsRequest.newConsumeLogs.func1
	go.opentelemetry.io/collector/exporter/exporterhelper@v0.160.0/internal/new_request.go:70
go.opentelemetry.io/collector/consumer.ConsumeLogsFunc.ConsumeLogs
	go.opentelemetry.io/collector/consumer@v1.66.0/logs.go:27
go.opentelemetry.io/collector/service/internal/refconsumer.refLogs.ConsumeLogs
	go.opentelemetry.io/collector/service@v0.160.0/internal/refconsumer/logs.go:29
go.opentelemetry.io/collector/consumer.ConsumeLogsFunc.ConsumeLogs
	go.opentelemetry.io/collector/consumer@v1.66.0/logs.go:27
go.opentelemetry.io/collector/receiver/otlpreceiver/internal/logs.(*Receiver).Export
	go.opentelemetry.io/collector/receiver/otlpreceiver@v0.160.0/internal/logs/otlp.go:41
go.opentelemetry.io/collector/receiver/otlpreceiver.handleLogs
	go.opentelemetry.io/collector/receiver/otlpreceiver@v0.160.0/otlphttp.go:108
go.opentelemetry.io/collector/receiver/otlpreceiver.(*otlpReceiver).startHTTPServer.func3
	go.opentelemetry.io/collector/receiver/otlpreceiver@v0.160.0/otlp.go:155
net/http.HandlerFunc.ServeHTTP
	net/http/server.go:2286
net/http.(*ServeMux).ServeHTTP
	net/http/server.go:2828
go.opentelemetry.io/collector/config/confighttp.(*decompressor).ServeHTTP
	go.opentelemetry.io/collector/config/confighttp@v0.160.0/compression.go:287
go.opentelemetry.io/collector/config/confighttp.(*ServerConfig).ToServer.maxRequestBodySizeInterceptor.func3
	go.opentelemetry.io/collector/config/confighttp@v0.160.0/server.go:526
net/http.HandlerFunc.ServeHTTP
	net/http/server.go:2286
go.opentelemetry.io/contrib/instrumentation/net/http/otelhttp.(*middleware).serveHTTP
	go.opentelemetry.io/contrib/instrumentation/net/http/otelhttp@v0.70.0/handler.go:185
go.opentelemetry.io/contrib/instrumentation/net/http/otelhttp.NewMiddleware.func2.1
	go.opentelemetry.io/contrib/instrumentation/net/http/otelhttp@v0.70.0/handler.go:67
net/http.HandlerFunc.ServeHTTP
	net/http/server.go:2286
go.opentelemetry.io/collector/config/confighttp.(*clientInfoHandler).ServeHTTP
	go.opentelemetry.io/collector/config/confighttp@v0.160.0/clientinfohandler.go:26
net/http.serverHandler.ServeHTTP
	net/http/server.go:3311
net/http.(*conn).serve
	net/http/server.go:2067
2026-09-07T16:48:53.317-0700	error	internal/base_exporter.go:119	Exporting failed. Rejecting data.	{"resource": {"service.instance.id": "1d54afe2-fdb8-4008-a362-e006849ee4a5", "service.name": "otelcol-contrib", "service.version": "0.160.0"}, "otelcol.component.id": "otlp_http", "otelcol.component.kind": "exporter", "otelcol.signal": "logs", "error": "file resize error: truncate /home/postedism/Desktop/crosscutting-careers/B-telemetry-loss-clinic/.runs/latest/storage_limit/queue/exporter_otlp_http__logs: file too large", "rejected_items": 1}
go.opentelemetry.io/collector/exporter/exporterhelper/internal.(*BaseExporter).Send
	go.opentelemetry.io/collector/exporter/exporterhelper@v0.160.0/internal/base_exporter.go:119
go.opentelemetry.io/collector/exporter/exporterhelper/internal.NewLogsRequest.newConsumeLogs.func1
	go.opentelemetry.io/collector/exporter/exporterhelper@v0.160.0/internal/new_request.go:70
go.opentelemetry.io/collector/consumer.ConsumeLogsFunc.ConsumeLogs
	go.opentelemetry.io/collector/consumer@v1.66.0/logs.go:27
go.opentelemetry.io/collector/service/internal/refconsumer.refLogs.ConsumeLogs
	go.opentelemetry.io/collector/service@v0.160.0/internal/refconsumer/logs.go:29
go.opentelemetry.io/collector/consumer.ConsumeLogsFunc.ConsumeLogs
	go.opentelemetry.io/collector/consumer@v1.66.0/logs.go:27
go.opentelemetry.io/collector/receiver/otlpreceiver/internal/logs.(*Receiver).Export
	go.opentelemetry.io/collector/receiver/otlpreceiver@v0.160.0/internal/logs/otlp.go:41
go.opentelemetry.io/collector/receiver/otlpreceiver.handleLogs
	go.opentelemetry.io/collector/receiver/otlpreceiver@v0.160.0/otlphttp.go:108
go.opentelemetry.io/collector/receiver/otlpreceiver.(*otlpReceiver).startHTTPServer.func3
	go.opentelemetry.io/collector/receiver/otlpreceiver@v0.160.0/otlp.go:155
net/http.HandlerFunc.ServeHTTP
	net/http/server.go:2286
net/http.(*ServeMux).ServeHTTP
	net/http/server.go:2828
go.opentelemetry.io/collector/config/confighttp.(*decompressor).ServeHTTP
	go.opentelemetry.io/collector/config/confighttp@v0.160.0/compression.go:287
go.opentelemetry.io/collector/config/confighttp.(*ServerConfig).ToServer.maxRequestBodySizeInterceptor.func3
	go.opentelemetry.io/collector/config/confighttp@v0.160.0/server.go:526
net/http.HandlerFunc.ServeHTTP
	net/http/server.go:2286
go.opentelemetry.io/contrib/instrumentation/net/http/otelhttp.(*middleware).serveHTTP
	go.opentelemetry.io/contrib/instrumentation/net/http/otelhttp@v0.70.0/handler.go:185
go.opentelemetry.io/contrib/instrumentation/net/http/otelhttp.NewMiddleware.func2.1
	go.opentelemetry.io/contrib/instrumentation/net/http/otelhttp@v0.70.0/handler.go:67
net/http.HandlerFunc.ServeHTTP
	net/http/server.go:2286
go.opentelemetry.io/collector/config/confighttp.(*clientInfoHandler).ServeHTTP
	go.opentelemetry.io/collector/config/confighttp@v0.160.0/clientinfohandler.go:26
net/http.serverHandler.ServeHTTP
	net/http/server.go:3311
net/http.(*conn).serve
	net/http/server.go:2067
2026-09-07T16:48:53.328-0700	error	internal/base_exporter.go:119	Exporting failed. Rejecting data.	{"resource": {"service.instance.id": "1d54afe2-fdb8-4008-a362-e006849ee4a5", "service.name": "otelcol-contrib", "service.version": "0.160.0"}, "otelcol.component.id": "otlp_http", "otelcol.component.kind": "exporter", "otelcol.signal": "logs", "error": "file resize error: truncate /home/postedism/Desktop/crosscutting-careers/B-telemetry-loss-clinic/.runs/latest/storage_limit/queue/exporter_otlp_http__logs: file too large", "rejected_items": 1}
go.opentelemetry.io/collector/exporter/exporterhelper/internal.(*BaseExporter).Send
	go.opentelemetry.io/collector/exporter/exporterhelper@v0.160.0/internal/base_exporter.go:119
go.opentelemetry.io/collector/exporter/exporterhelper/internal.NewLogsRequest.newConsumeLogs.func1
	go.opentelemetry.io/collector/exporter/exporterhelper@v0.160.0/internal/new_request.go:70
go.opentelemetry.io/collector/consumer.ConsumeLogsFunc.ConsumeLogs
	go.opentelemetry.io/collector/consumer@v1.66.0/logs.go:27
go.opentelemetry.io/collector/service/internal/refconsumer.refLogs.ConsumeLogs
	go.opentelemetry.io/collector/service@v0.160.0/internal/refconsumer/logs.go:29
go.opentelemetry.io/collector/consumer.ConsumeLogsFunc.ConsumeLogs
	go.opentelemetry.io/collector/consumer@v1.66.0/logs.go:27
go.opentelemetry.io/collector/receiver/otlpreceiver/internal/logs.(*Receiver).Export
	go.opentelemetry.io/collector/receiver/otlpreceiver@v0.160.0/internal/logs/otlp.go:41
go.opentelemetry.io/collector/receiver/otlpreceiver.handleLogs
	go.opentelemetry.io/collector/receiver/otlpreceiver@v0.160.0/otlphttp.go:108
go.opentelemetry.io/collector/receiver/otlpreceiver.(*otlpReceiver).startHTTPServer.func3
	go.opentelemetry.io/collector/receiver/otlpreceiver@v0.160.0/otlp.go:155
net/http.HandlerFunc.ServeHTTP
	net/http/server.go:2286
net/http.(*ServeMux).ServeHTTP
	net/http/server.go:2828
go.opentelemetry.io/collector/config/confighttp.(*decompressor).ServeHTTP
	go.opentelemetry.io/collector/config/confighttp@v0.160.0/compression.go:287
go.opentelemetry.io/collector/config/confighttp.(*ServerConfig).ToServer.maxRequestBodySizeInterceptor.func3
	go.opentelemetry.io/collector/config/confighttp@v0.160.0/server.go:526
net/http.HandlerFunc.ServeHTTP
	net/http/server.go:2286
go.opentelemetry.io/contrib/instrumentation/net/http/otelhttp.(*middleware).serveHTTP
	go.opentelemetry.io/contrib/instrumentation/net/http/otelhttp@v0.70.0/handler.go:185
go.opentelemetry.io/contrib/instrumentation/net/http/otelhttp.NewMiddleware.func2.1
	go.opentelemetry.io/contrib/instrumentation/net/http/otelhttp@v0.70.0/handler.go:67
net/http.HandlerFunc.ServeHTTP
	net/http/server.go:2286
go.opentelemetry.io/collector/config/confighttp.(*clientInfoHandler).ServeHTTP
	go.opentelemetry.io/collector/config/confighttp@v0.160.0/clientinfohandler.go:26
net/http.serverHandler.ServeHTTP
	net/http/server.go:3311
net/http.(*conn).serve
	net/http/server.go:2067
2026-09-07T16:48:53.338-0700	error	internal/base_exporter.go:119	Exporting failed. Rejecting data.	{"resource": {"service.instance.id": "1d54afe2-fdb8-4008-a362-e006849ee4a5", "service.name": "otelcol-contrib", "service.version": "0.160.0"}, "otelcol.component.id": "otlp_http", "otelcol.component.kind": "exporter", "otelcol.signal": "logs", "error": "file resize error: truncate /home/postedism/Desktop/crosscutting-careers/B-telemetry-loss-clinic/.runs/latest/storage_limit/queue/exporter_otlp_http__logs: file too large", "rejected_items": 1}
go.opentelemetry.io/collector/exporter/exporterhelper/internal.(*BaseExporter).Send
	go.opentelemetry.io/collector/exporter/exporterhelper@v0.160.0/internal/base_exporter.go:119
go.opentelemetry.io/collector/exporter/exporterhelper/internal.NewLogsRequest.newConsumeLogs.func1
	go.opentelemetry.io/collector/exporter/exporterhelper@v0.160.0/internal/new_request.go:70
go.opentelemetry.io/collector/consumer.ConsumeLogsFunc.ConsumeLogs
	go.opentelemetry.io/collector/consumer@v1.66.0/logs.go:27
go.opentelemetry.io/collector/service/internal/refconsumer.refLogs.ConsumeLogs
	go.opentelemetry.io/collector/service@v0.160.0/internal/refconsumer/logs.go:29
go.opentelemetry.io/collector/consumer.ConsumeLogsFunc.ConsumeLogs
	go.opentelemetry.io/collector/consumer@v1.66.0/logs.go:27
go.opentelemetry.io/collector/receiver/otlpreceiver/internal/logs.(*Receiver).Export
	go.opentelemetry.io/collector/receiver/otlpreceiver@v0.160.0/internal/logs/otlp.go:41
go.opentelemetry.io/collector/receiver/otlpreceiver.handleLogs
	go.opentelemetry.io/collector/receiver/otlpreceiver@v0.160.0/otlphttp.go:108
go.opentelemetry.io/collector/receiver/otlpreceiver.(*otlpReceiver).startHTTPServer.func3
	go.opentelemetry.io/collector/receiver/otlpreceiver@v0.160.0/otlp.go:155
net/http.HandlerFunc.ServeHTTP
	net/http/server.go:2286
net/http.(*ServeMux).ServeHTTP
	net/http/server.go:2828
go.opentelemetry.io/collector/config/confighttp.(*decompressor).ServeHTTP
	go.opentelemetry.io/collector/config/confighttp@v0.160.0/compression.go:287
go.opentelemetry.io/collector/config/confighttp.(*ServerConfig).ToServer.maxRequestBodySizeInterceptor.func3
	go.opentelemetry.io/collector/config/confighttp@v0.160.0/server.go:526
net/http.HandlerFunc.ServeHTTP
	net/http/server.go:2286
go.opentelemetry.io/contrib/instrumentation/net/http/otelhttp.(*middleware).serveHTTP
	go.opentelemetry.io/contrib/instrumentation/net/http/otelhttp@v0.70.0/handler.go:185
go.opentelemetry.io/contrib/instrumentation/net/http/otelhttp.NewMiddleware.func2.1
	go.opentelemetry.io/contrib/instrumentation/net/http/otelhttp@v0.70.0/handler.go:67
net/http.HandlerFunc.ServeHTTP
	net/http/server.go:2286
go.opentelemetry.io/collector/config/confighttp.(*clientInfoHandler).ServeHTTP
	go.opentelemetry.io/collector/config/confighttp@v0.160.0/clientinfohandler.go:26
net/http.serverHandler.ServeHTTP
	net/http/server.go:3311
net/http.(*conn).serve
	net/http/server.go:2067
2026-09-07T16:48:53.348-0700	error	internal/base_exporter.go:119	Exporting failed. Rejecting data.	{"resource": {"service.instance.id": "1d54afe2-fdb8-4008-a362-e006849ee4a5", "service.name": "otelcol-contrib", "service.version": "0.160.0"}, "otelcol.component.id": "otlp_http", "otelcol.component.kind": "exporter", "otelcol.signal": "logs", "error": "file resize error: truncate /home/postedism/Desktop/crosscutting-careers/B-telemetry-loss-clinic/.runs/latest/storage_limit/queue/exporter_otlp_http__logs: file too large", "rejected_items": 1}
go.opentelemetry.io/collector/exporter/exporterhelper/internal.(*BaseExporter).Send
	go.opentelemetry.io/collector/exporter/exporterhelper@v0.160.0/internal/base_exporter.go:119
go.opentelemetry.io/collector/exporter/exporterhelper/internal.NewLogsRequest.newConsumeLogs.func1
	go.opentelemetry.io/collector/exporter/exporterhelper@v0.160.0/internal/new_request.go:70
go.opentelemetry.io/collector/consumer.ConsumeLogsFunc.ConsumeLogs
	go.opentelemetry.io/collector/consumer@v1.66.0/logs.go:27
go.opentelemetry.io/collector/service/internal/refconsumer.refLogs.ConsumeLogs
	go.opentelemetry.io/collector/service@v0.160.0/internal/refconsumer/logs.go:29
go.opentelemetry.io/collector/consumer.ConsumeLogsFunc.ConsumeLogs
	go.opentelemetry.io/collector/consumer@v1.66.0/logs.go:27
go.opentelemetry.io/collector/receiver/otlpreceiver/internal/logs.(*Receiver).Export
	go.opentelemetry.io/collector/receiver/otlpreceiver@v0.160.0/internal/logs/otlp.go:41
go.opentelemetry.io/collector/receiver/otlpreceiver.handleLogs
	go.opentelemetry.io/collector/receiver/otlpreceiver@v0.160.0/otlphttp.go:108
go.opentelemetry.io/collector/receiver/otlpreceiver.(*otlpReceiver).startHTTPServer.func3
	go.opentelemetry.io/collector/receiver/otlpreceiver@v0.160.0/otlp.go:155
net/http.HandlerFunc.ServeHTTP
	net/http/server.go:2286
net/http.(*ServeMux).ServeHTTP
	net/http/server.go:2828
go.opentelemetry.io/collector/config/confighttp.(*decompressor).ServeHTTP
	go.opentelemetry.io/collector/config/confighttp@v0.160.0/compression.go:287
go.opentelemetry.io/collector/config/confighttp.(*ServerConfig).ToServer.maxRequestBodySizeInterceptor.func3
	go.opentelemetry.io/collector/config/confighttp@v0.160.0/server.go:526
net/http.HandlerFunc.ServeHTTP
	net/http/server.go:2286
go.opentelemetry.io/contrib/instrumentation/net/http/otelhttp.(*middleware).serveHTTP
	go.opentelemetry.io/contrib/instrumentation/net/http/otelhttp@v0.70.0/handler.go:185
go.opentelemetry.io/contrib/instrumentation/net/http/otelhttp.NewMiddleware.func2.1
	go.opentelemetry.io/contrib/instrumentation/net/http/otelhttp@v0.70.0/handler.go:67
net/http.HandlerFunc.ServeHTTP
	net/http/server.go:2286
go.opentelemetry.io/collector/config/confighttp.(*clientInfoHandler).ServeHTTP
	go.opentelemetry.io/collector/config/confighttp@v0.160.0/clientinfohandler.go:26
net/http.serverHandler.ServeHTTP
	net/http/server.go:3311
net/http.(*conn).serve
	net/http/server.go:2067
2026-09-07T16:48:54.183-0700	warn	queue/persistent_queue.go:532	Failed updating currently dispatched items, trying to delete the item first	{"resource": {"service.instance.id": "1d54afe2-fdb8-4008-a362-e006849ee4a5", "service.name": "otelcol-contrib", "service.version": "0.160.0"}, "otelcol.component.id": "otlp_http", "otelcol.component.kind": "exporter", "otelcol.signal": "logs", "error": "file resize error: truncate /home/postedism/Desktop/crosscutting-careers/B-telemetry-loss-clinic/.runs/latest/storage_limit/queue/exporter_otlp_http__logs: file too large"}
2026-09-07T16:48:54.183-0700	error	queue/persistent_queue.go:421	Error deleting item from queue	{"resource": {"service.instance.id": "1d54afe2-fdb8-4008-a362-e006849ee4a5", "service.name": "otelcol-contrib", "service.version": "0.160.0"}, "otelcol.component.id": "otlp_http", "otelcol.component.kind": "exporter", "otelcol.signal": "logs", "error": "failed deleting item from queue, got error from storage: file resize error: truncate /home/postedism/Desktop/crosscutting-careers/B-telemetry-loss-clinic/.runs/latest/storage_limit/queue/exporter_otlp_http__logs: file too large"}
go.opentelemetry.io/collector/exporter/exporterhelper/internal/queue.(*persistentQueue[...]).onDone
	go.opentelemetry.io/collector/exporter/exporterhelper@v0.160.0/internal/queue/persistent_queue.go:421
go.opentelemetry.io/collector/exporter/exporterhelper/internal/queue.(*indexDone).OnDone
	go.opentelemetry.io/collector/exporter/exporterhelper@v0.160.0/internal/queue/persistent_queue.go:626
go.opentelemetry.io/collector/exporter/exporterhelper/internal/queuebatch.(*disabledBatcher[...]).Consume
	go.opentelemetry.io/collector/exporter/exporterhelper@v0.160.0/internal/queuebatch/disabled_batcher.go:23
go.opentelemetry.io/collector/exporter/exporterhelper/internal/queue.(*asyncQueue[...]).Start.func1
	go.opentelemetry.io/collector/exporter/exporterhelper@v0.160.0/internal/queue/async_queue.go:47
sync.(*WaitGroup).Go.func1
	sync/waitgroup.go:258
2026-09-07T16:48:54.183-0700	warn	queue/persistent_queue.go:532	Failed updating currently dispatched items, trying to delete the item first	{"resource": {"service.instance.id": "1d54afe2-fdb8-4008-a362-e006849ee4a5", "service.name": "otelcol-contrib", "service.version": "0.160.0"}, "otelcol.component.id": "otlp_http", "otelcol.component.kind": "exporter", "otelcol.signal": "logs", "error": "file resize error: truncate /home/postedism/Desktop/crosscutting-careers/B-telemetry-loss-clinic/.runs/latest/storage_limit/queue/exporter_otlp_http__logs: file too large"}
2026-09-07T16:48:54.183-0700	error	queue/persistent_queue.go:380	Error deleting item from queue	{"resource": {"service.instance.id": "1d54afe2-fdb8-4008-a362-e006849ee4a5", "service.name": "otelcol-contrib", "service.version": "0.160.0"}, "otelcol.component.id": "otlp_http", "otelcol.component.kind": "exporter", "otelcol.signal": "logs", "error": "failed deleting item from queue, got error from storage: file resize error: truncate /home/postedism/Desktop/crosscutting-careers/B-telemetry-loss-clinic/.runs/latest/storage_limit/queue/exporter_otlp_http__logs: file too large"}
go.opentelemetry.io/collector/exporter/exporterhelper/internal/queue.(*persistentQueue[...]).getNextItem
	go.opentelemetry.io/collector/exporter/exporterhelper@v0.160.0/internal/queue/persistent_queue.go:380
go.opentelemetry.io/collector/exporter/exporterhelper/internal/queue.(*persistentQueue[...]).Read
	go.opentelemetry.io/collector/exporter/exporterhelper@v0.160.0/internal/queue/persistent_queue.go:333
go.opentelemetry.io/collector/exporter/exporterhelper/internal/queue.(*asyncQueue[...]).Start.func1
	go.opentelemetry.io/collector/exporter/exporterhelper@v0.160.0/internal/queue/async_queue.go:43
sync.(*WaitGroup).Go.func1
	sync/waitgroup.go:258
2026-09-07T16:48:54.183-0700	warn	queue/persistent_queue.go:532	Failed updating currently dispatched items, trying to delete the item first	{"resource": {"service.instance.id": "1d54afe2-fdb8-4008-a362-e006849ee4a5", "service.name": "otelcol-contrib", "service.version": "0.160.0"}, "otelcol.component.id": "otlp_http", "otelcol.component.kind": "exporter", "otelcol.signal": "logs", "error": "file resize error: truncate /home/postedism/Desktop/crosscutting-careers/B-telemetry-loss-clinic/.runs/latest/storage_limit/queue/exporter_otlp_http__logs: file too large"}
2026-09-07T16:48:54.183-0700	error	queue/persistent_queue.go:380	Error deleting item from queue	{"resource": {"service.instance.id": "1d54afe2-fdb8-4008-a362-e006849ee4a5", "service.name": "otelcol-contrib", "service.version": "0.160.0"}, "otelcol.component.id": "otlp_http", "otelcol.component.kind": "exporter", "otelcol.signal": "logs", "error": "failed deleting item from queue, got error from storage: file resize error: truncate /home/postedism/Desktop/crosscutting-careers/B-telemetry-loss-clinic/.runs/latest/storage_limit/queue/exporter_otlp_http__logs: file too large"}
go.opentelemetry.io/collector/exporter/exporterhelper/internal/queue.(*persistentQueue[...]).getNextItem
	go.opentelemetry.io/collector/exporter/exporterhelper@v0.160.0/internal/queue/persistent_queue.go:380
go.opentelemetry.io/collector/exporter/exporterhelper/internal/queue.(*persistentQueue[...]).Read
	go.opentelemetry.io/collector/exporter/exporterhelper@v0.160.0/internal/queue/persistent_queue.go:333
go.opentelemetry.io/collector/exporter/exporterhelper/internal/queue.(*asyncQueue[...]).Start.func1
	go.opentelemetry.io/collector/exporter/exporterhelper@v0.160.0/internal/queue/async_queue.go:43
sync.(*WaitGroup).Go.func1
	sync/waitgroup.go:258
2026-09-07T16:48:54.183-0700	warn	queue/persistent_queue.go:532	Failed updating currently dispatched items, trying to delete the item first	{"resource": {"service.instance.id": "1d54afe2-fdb8-4008-a362-e006849ee4a5", "service.name": "otelcol-contrib", "service.version": "0.160.0"}, "otelcol.component.id": "otlp_http", "otelcol.component.kind": "exporter", "otelcol.signal": "logs", "error": "file resize error: truncate /home/postedism/Desktop/crosscutting-careers/B-telemetry-loss-clinic/.runs/latest/storage_limit/queue/exporter_otlp_http__logs: file too large"}
2026-09-07T16:48:54.183-0700	error	queue/persistent_queue.go:380	Error deleting item from queue	{"resource": {"service.instance.id": "1d54afe2-fdb8-4008-a362-e006849ee4a5", "service.name": "otelcol-contrib", "service.version": "0.160.0"}, "otelcol.component.id": "otlp_http", "otelcol.component.kind": "exporter", "otelcol.signal": "logs", "error": "failed deleting item from queue, got error from storage: file resize error: truncate /home/postedism/Desktop/crosscutting-careers/B-telemetry-loss-clinic/.runs/latest/storage_limit/queue/exporter_otlp_http__logs: file too large"}
go.opentelemetry.io/collector/exporter/exporterhelper/internal/queue.(*persistentQueue[...]).getNextItem
	go.opentelemetry.io/collector/exporter/exporterhelper@v0.160.0/internal/queue/persistent_queue.go:380
go.opentelemetry.io/collector/exporter/exporterhelper/internal/queue.(*persistentQueue[...]).Read
	go.opentelemetry.io/collector/exporter/exporterhelper@v0.160.0/internal/queue/persistent_queue.go:333
go.opentelemetry.io/collector/exporter/exporterhelper/internal/queue.(*asyncQueue[...]).Start.func1
	go.opentelemetry.io/collector/exporter/exporterhelper@v0.160.0/internal/queue/async_queue.go:43
sync.(*WaitGroup).Go.func1
	sync/waitgroup.go:258
2026-09-07T16:48:54.183-0700	warn	queue/persistent_queue.go:532	Failed updating currently dispatched items, trying to delete the item first	{"resource": {"service.instance.id": "1d54afe2-fdb8-4008-a362-e006849ee4a5", "service.name": "otelcol-contrib", "service.version": "0.160.0"}, "otelcol.component.id": "otlp_http", "otelcol.component.kind": "exporter", "otelcol.signal": "logs", "error": "file resize error: truncate /home/postedism/Desktop/crosscutting-careers/B-telemetry-loss-clinic/.runs/latest/storage_limit/queue/exporter_otlp_http__logs: file too large"}
2026-09-07T16:48:54.183-0700	error	queue/persistent_queue.go:380	Error deleting item from queue	{"resource": {"service.instance.id": "1d54afe2-fdb8-4008-a362-e006849ee4a5", "service.name": "otelcol-contrib", "service.version": "0.160.0"}, "otelcol.component.id": "otlp_http", "otelcol.component.kind": "exporter", "otelcol.signal": "logs", "error": "failed deleting item from queue, got error from storage: file resize error: truncate /home/postedism/Desktop/crosscutting-careers/B-telemetry-loss-clinic/.runs/latest/storage_limit/queue/exporter_otlp_http__logs: file too large"}
go.opentelemetry.io/collector/exporter/exporterhelper/internal/queue.(*persistentQueue[...]).getNextItem
	go.opentelemetry.io/collector/exporter/exporterhelper@v0.160.0/internal/queue/persistent_queue.go:380
go.opentelemetry.io/collector/exporter/exporterhelper/internal/queue.(*persistentQueue[...]).Read
	go.opentelemetry.io/collector/exporter/exporterhelper@v0.160.0/internal/queue/persistent_queue.go:333
go.opentelemetry.io/collector/exporter/exporterhelper/internal/queue.(*asyncQueue[...]).Start.func1
	go.opentelemetry.io/collector/exporter/exporterhelper@v0.160.0/internal/queue/async_queue.go:43
sync.(*WaitGroup).Go.func1
	sync/waitgroup.go:258
2026-09-07T16:48:54.183-0700	warn	queue/persistent_queue.go:532	Failed updating currently dispatched items, trying to delete the item first	{"resource": {"service.instance.id": "1d54afe2-fdb8-4008-a362-e006849ee4a5", "service.name": "otelcol-contrib", "service.version": "0.160.0"}, "otelcol.component.id": "otlp_http", "otelcol.component.kind": "exporter", "otelcol.signal": "logs", "error": "file resize error: truncate /home/postedism/Desktop/crosscutting-careers/B-telemetry-loss-clinic/.runs/latest/storage_limit/queue/exporter_otlp_http__logs: file too large"}
2026-09-07T16:48:54.183-0700	error	queue/persistent_queue.go:380	Error deleting item from queue	{"resource": {"service.instance.id": "1d54afe2-fdb8-4008-a362-e006849ee4a5", "service.name": "otelcol-contrib", "service.version": "0.160.0"}, "otelcol.component.id": "otlp_http", "otelcol.component.kind": "exporter", "otelcol.signal": "logs", "error": "failed deleting item from queue, got error from storage: file resize error: truncate /home/postedism/Desktop/crosscutting-careers/B-telemetry-loss-clinic/.runs/latest/storage_limit/queue/exporter_otlp_http__logs: file too large"}
go.opentelemetry.io/collector/exporter/exporterhelper/internal/queue.(*persistentQueue[...]).getNextItem
	go.opentelemetry.io/collector/exporter/exporterhelper@v0.160.0/internal/queue/persistent_queue.go:380
go.opentelemetry.io/collector/exporter/exporterhelper/internal/queue.(*persistentQueue[...]).Read
	go.opentelemetry.io/collector/exporter/exporterhelper@v0.160.0/internal/queue/persistent_queue.go:333
go.opentelemetry.io/collector/exporter/exporterhelper/internal/queue.(*asyncQueue[...]).Start.func1
	go.opentelemetry.io/collector/exporter/exporterhelper@v0.160.0/internal/queue/async_queue.go:43
sync.(*WaitGroup).Go.func1
	sync/waitgroup.go:258
2026-09-07T16:48:54.199-0700	error	internal/queue_sender.go:62	Exporting failed. Dropping data.	{"resource": {"service.instance.id": "1d54afe2-fdb8-4008-a362-e006849ee4a5", "service.name": "otelcol-contrib", "service.version": "0.160.0"}, "otelcol.component.id": "otlp_http", "otelcol.component.kind": "exporter", "otelcol.signal": "logs", "error": "not retryable error: Permanent error: rpc error: code = InvalidArgument desc = error exporting items, request to http://127.0.0.1:39811/v1/logs responded with HTTP Status Code 400", "dropped_items": 0}
go.opentelemetry.io/collector/exporter/exporterhelper/internal.NewQueueSender.func1
	go.opentelemetry.io/collector/exporter/exporterhelper@v0.160.0/internal/queue_sender.go:62
go.opentelemetry.io/collector/exporter/exporterhelper/internal/queuebatch.(*disabledBatcher[...]).Consume
	go.opentelemetry.io/collector/exporter/exporterhelper@v0.160.0/internal/queuebatch/disabled_batcher.go:23
go.opentelemetry.io/collector/exporter/exporterhelper/internal/queue.(*asyncQueue[...]).Start.func1
	go.opentelemetry.io/collector/exporter/exporterhelper@v0.160.0/internal/queue/async_queue.go:47
sync.(*WaitGroup).Go.func1
	sync/waitgroup.go:258
2026-09-07T16:48:54.200-0700	error	internal/queue_sender.go:62	Exporting failed. Dropping data.	{"resource": {"service.instance.id": "1d54afe2-fdb8-4008-a362-e006849ee4a5", "service.name": "otelcol-contrib", "service.version": "0.160.0"}, "otelcol.component.id": "otlp_http", "otelcol.component.kind": "exporter", "otelcol.signal": "logs", "error": "not retryable error: Permanent error: rpc error: code = InvalidArgument desc = error exporting items, request to http://127.0.0.1:39811/v1/logs responded with HTTP Status Code 400", "dropped_items": 0}
go.opentelemetry.io/collector/exporter/exporterhelper/internal.NewQueueSender.func1
	go.opentelemetry.io/collector/exporter/exporterhelper@v0.160.0/internal/queue_sender.go:62
go.opentelemetry.io/collector/exporter/exporterhelper/internal/queuebatch.(*disabledBatcher[...]).Consume
	go.opentelemetry.io/collector/exporter/exporterhelper@v0.160.0/internal/queuebatch/disabled_batcher.go:23
go.opentelemetry.io/collector/exporter/exporterhelper/internal/queue.(*asyncQueue[...]).Start.func1
	go.opentelemetry.io/collector/exporter/exporterhelper@v0.160.0/internal/queue/async_queue.go:47
sync.(*WaitGroup).Go.func1
	sync/waitgroup.go:258
2026-09-07T16:48:54.201-0700	error	internal/queue_sender.go:62	Exporting failed. Dropping data.	{"resource": {"service.instance.id": "1d54afe2-fdb8-4008-a362-e006849ee4a5", "service.name": "otelcol-contrib", "service.version": "0.160.0"}, "otelcol.component.id": "otlp_http", "otelcol.component.kind": "exporter", "otelcol.signal": "logs", "error": "not retryable error: Permanent error: rpc error: code = InvalidArgument desc = error exporting items, request to http://127.0.0.1:39811/v1/logs responded with HTTP Status Code 400", "dropped_items": 0}
go.opentelemetry.io/collector/exporter/exporterhelper/internal.NewQueueSender.func1
	go.opentelemetry.io/collector/exporter/exporterhelper@v0.160.0/internal/queue_sender.go:62
go.opentelemetry.io/collector/exporter/exporterhelper/internal/queuebatch.(*disabledBatcher[...]).Consume
	go.opentelemetry.io/collector/exporter/exporterhelper@v0.160.0/internal/queuebatch/disabled_batcher.go:23
go.opentelemetry.io/collector/exporter/exporterhelper/internal/queue.(*asyncQueue[...]).Start.func1
	go.opentelemetry.io/collector/exporter/exporterhelper@v0.160.0/internal/queue/async_queue.go:47
sync.(*WaitGroup).Go.func1
	sync/waitgroup.go:258
2026-09-07T16:48:54.201-0700	error	internal/queue_sender.go:62	Exporting failed. Dropping data.	{"resource": {"service.instance.id": "1d54afe2-fdb8-4008-a362-e006849ee4a5", "service.name": "otelcol-contrib", "service.version": "0.160.0"}, "otelcol.component.id": "otlp_http", "otelcol.component.kind": "exporter", "otelcol.signal": "logs", "error": "not retryable error: Permanent error: rpc error: code = InvalidArgument desc = error exporting items, request to http://127.0.0.1:39811/v1/logs responded with HTTP Status Code 400", "dropped_items": 0}
go.opentelemetry.io/collector/exporter/exporterhelper/internal.NewQueueSender.func1
	go.opentelemetry.io/collector/exporter/exporterhelper@v0.160.0/internal/queue_sender.go:62
go.opentelemetry.io/collector/exporter/exporterhelper/internal/queuebatch.(*disabledBatcher[...]).Consume
	go.opentelemetry.io/collector/exporter/exporterhelper@v0.160.0/internal/queuebatch/disabled_batcher.go:23
go.opentelemetry.io/collector/exporter/exporterhelper/internal/queue.(*asyncQueue[...]).Start.func1
	go.opentelemetry.io/collector/exporter/exporterhelper@v0.160.0/internal/queue/async_queue.go:47
sync.(*WaitGroup).Go.func1
	sync/waitgroup.go:258
2026-09-07T16:48:54.202-0700	error	internal/queue_sender.go:62	Exporting failed. Dropping data.	{"resource": {"service.instance.id": "1d54afe2-fdb8-4008-a362-e006849ee4a5", "service.name": "otelcol-contrib", "service.version": "0.160.0"}, "otelcol.component.id": "otlp_http", "otelcol.component.kind": "exporter", "otelcol.signal": "logs", "error": "not retryable error: Permanent error: rpc error: code = InvalidArgument desc = error exporting items, request to http://127.0.0.1:39811/v1/logs responded with HTTP Status Code 400", "dropped_items": 0}
go.opentelemetry.io/collector/exporter/exporterhelper/internal.NewQueueSender.func1
	go.opentelemetry.io/collector/exporter/exporterhelper@v0.160.0/internal/queue_sender.go:62
go.opentelemetry.io/collector/exporter/exporterhelper/internal/queuebatch.(*disabledBatcher[...]).Consume
	go.opentelemetry.io/collector/exporter/exporterhelper@v0.160.0/internal/queuebatch/disabled_batcher.go:23
go.opentelemetry.io/collector/exporter/exporterhelper/internal/queue.(*asyncQueue[...]).Start.func1
	go.opentelemetry.io/collector/exporter/exporterhelper@v0.160.0/internal/queue/async_queue.go:47
sync.(*WaitGroup).Go.func1
	sync/waitgroup.go:258
2026-09-07T16:48:54.202-0700	error	internal/queue_sender.go:62	Exporting failed. Dropping data.	{"resource": {"service.instance.id": "1d54afe2-fdb8-4008-a362-e006849ee4a5", "service.name": "otelcol-contrib", "service.version": "0.160.0"}, "otelcol.component.id": "otlp_http", "otelcol.component.kind": "exporter", "otelcol.signal": "logs", "error": "not retryable error: Permanent error: rpc error: code = InvalidArgument desc = error exporting items, request to http://127.0.0.1:39811/v1/logs responded with HTTP Status Code 400", "dropped_items": 0}
go.opentelemetry.io/collector/exporter/exporterhelper/internal.NewQueueSender.func1
	go.opentelemetry.io/collector/exporter/exporterhelper@v0.160.0/internal/queue_sender.go:62
go.opentelemetry.io/collector/exporter/exporterhelper/internal/queuebatch.(*disabledBatcher[...]).Consume
	go.opentelemetry.io/collector/exporter/exporterhelper@v0.160.0/internal/queuebatch/disabled_batcher.go:23
go.opentelemetry.io/collector/exporter/exporterhelper/internal/queue.(*asyncQueue[...]).Start.func1
	go.opentelemetry.io/collector/exporter/exporterhelper@v0.160.0/internal/queue/async_queue.go:47
sync.(*WaitGroup).Go.func1
	sync/waitgroup.go:258
2026-09-07T16:48:54.203-0700	error	internal/queue_sender.go:62	Exporting failed. Dropping data.	{"resource": {"service.instance.id": "1d54afe2-fdb8-4008-a362-e006849ee4a5", "service.name": "otelcol-contrib", "service.version": "0.160.0"}, "otelcol.component.id": "otlp_http", "otelcol.component.kind": "exporter", "otelcol.signal": "logs", "error": "not retryable error: Permanent error: rpc error: code = InvalidArgument desc = error exporting items, request to http://127.0.0.1:39811/v1/logs responded with HTTP Status Code 400", "dropped_items": 0}
go.opentelemetry.io/collector/exporter/exporterhelper/internal.NewQueueSender.func1
	go.opentelemetry.io/collector/exporter/exporterhelper@v0.160.0/internal/queue_sender.go:62
go.opentelemetry.io/collector/exporter/exporterhelper/internal/queuebatch.(*disabledBatcher[...]).Consume
	go.opentelemetry.io/collector/exporter/exporterhelper@v0.160.0/internal/queuebatch/disabled_batcher.go:23
go.opentelemetry.io/collector/exporter/exporterhelper/internal/queue.(*asyncQueue[...]).Start.func1
	go.opentelemetry.io/collector/exporter/exporterhelper@v0.160.0/internal/queue/async_queue.go:47
sync.(*WaitGroup).Go.func1
	sync/waitgroup.go:258
2026-09-07T16:48:54.203-0700	error	internal/queue_sender.go:62	Exporting failed. Dropping data.	{"resource": {"service.instance.id": "1d54afe2-fdb8-4008-a362-e006849ee4a5", "service.name": "otelcol-contrib", "service.version": "0.160.0"}, "otelcol.component.id": "otlp_http", "otelcol.component.kind": "exporter", "otelcol.signal": "logs", "error": "not retryable error: Permanent error: rpc error: code = InvalidArgument desc = error exporting items, request to http://127.0.0.1:39811/v1/logs responded with HTTP Status Code 400", "dropped_items": 0}
go.opentelemetry.io/collector/exporter/exporterhelper/internal.NewQueueSender.func1
	go.opentelemetry.io/collector/exporter/exporterhelper@v0.160.0/internal/queue_sender.go:62
go.opentelemetry.io/collector/exporter/exporterhelper/internal/queuebatch.(*disabledBatcher[...]).Consume
	go.opentelemetry.io/collector/exporter/exporterhelper@v0.160.0/internal/queuebatch/disabled_batcher.go:23
go.opentelemetry.io/collector/exporter/exporterhelper/internal/queue.(*asyncQueue[...]).Start.func1
	go.opentelemetry.io/collector/exporter/exporterhelper@v0.160.0/internal/queue/async_queue.go:47
sync.(*WaitGroup).Go.func1
	sync/waitgroup.go:258
2026-09-07T16:48:54.204-0700	error	internal/queue_sender.go:62	Exporting failed. Dropping data.	{"resource": {"service.instance.id": "1d54afe2-fdb8-4008-a362-e006849ee4a5", "service.name": "otelcol-contrib", "service.version": "0.160.0"}, "otelcol.component.id": "otlp_http", "otelcol.component.kind": "exporter", "otelcol.signal": "logs", "error": "not retryable error: Permanent error: rpc error: code = InvalidArgument desc = error exporting items, request to http://127.0.0.1:39811/v1/logs responded with HTTP Status Code 400", "dropped_items": 0}
go.opentelemetry.io/collector/exporter/exporterhelper/internal.NewQueueSender.func1
	go.opentelemetry.io/collector/exporter/exporterhelper@v0.160.0/internal/queue_sender.go:62
go.opentelemetry.io/collector/exporter/exporterhelper/internal/queuebatch.(*disabledBatcher[...]).Consume
	go.opentelemetry.io/collector/exporter/exporterhelper@v0.160.0/internal/queuebatch/disabled_batcher.go:23
go.opentelemetry.io/collector/exporter/exporterhelper/internal/queue.(*asyncQueue[...]).Start.func1
	go.opentelemetry.io/collector/exporter/exporterhelper@v0.160.0/internal/queue/async_queue.go:47
sync.(*WaitGroup).Go.func1
	sync/waitgroup.go:258
2026-09-07T16:48:54.204-0700	error	internal/queue_sender.go:62	Exporting failed. Dropping data.	{"resource": {"service.instance.id": "1d54afe2-fdb8-4008-a362-e006849ee4a5", "service.name": "otelcol-contrib", "service.version": "0.160.0"}, "otelcol.component.id": "otlp_http", "otelcol.component.kind": "exporter", "otelcol.signal": "logs", "error": "not retryable error: Permanent error: rpc error: code = InvalidArgument desc = error exporting items, request to http://127.0.0.1:39811/v1/logs responded with HTTP Status Code 400", "dropped_items": 0}
go.opentelemetry.io/collector/exporter/exporterhelper/internal.NewQueueSender.func1
	go.opentelemetry.io/collector/exporter/exporterhelper@v0.160.0/internal/queue_sender.go:62
go.opentelemetry.io/collector/exporter/exporterhelper/internal/queuebatch.(*disabledBatcher[...]).Consume
	go.opentelemetry.io/collector/exporter/exporterhelper@v0.160.0/internal/queuebatch/disabled_batcher.go:23
go.opentelemetry.io/collector/exporter/exporterhelper/internal/queue.(*asyncQueue[...]).Start.func1
	go.opentelemetry.io/collector/exporter/exporterhelper@v0.160.0/internal/queue/async_queue.go:47
sync.(*WaitGroup).Go.func1
	sync/waitgroup.go:258
2026-09-07T16:48:55.494-0700	info	otelcol@v0.160.0/collector.go:477	Received signal from OS	{"resource": {"service.instance.id": "1d54afe2-fdb8-4008-a362-e006849ee4a5", "service.name": "otelcol-contrib", "service.version": "0.160.0"}, "signal": "terminated"}
2026-09-07T16:48:55.494-0700	info	service@v0.160.0/service.go:322	Starting shutdown...	{"resource": {"service.instance.id": "1d54afe2-fdb8-4008-a362-e006849ee4a5", "service.name": "otelcol-contrib", "service.version": "0.160.0"}}
2026-09-07T16:48:55.494-0700	info	extensions/extensions.go:73	Stopping extensions...	{"resource": {"service.instance.id": "1d54afe2-fdb8-4008-a362-e006849ee4a5", "service.name": "otelcol-contrib", "service.version": "0.160.0"}}
2026-09-07T16:48:55.494-0700	info	service@v0.160.0/service.go:336	Shutdown complete.	{"resource": {"service.instance.id": "1d54afe2-fdb8-4008-a362-e006849ee4a5", "service.name": "otelcol-contrib", "service.version": "0.160.0"}}
