2026-09-07T15:42:25.547-0700	info	otelconftelemetry/tracer.go:47	Internal trace telemetry disabled	{"resource": {"service.instance.id": "59ca873e-68ec-4159-b6cf-54104f0c04e5", "service.name": "otelcol-contrib", "service.version": "0.160.0"}}
2026-09-07T15:42:25.548-0700	info	service@v0.160.0/service.go:261	Starting otelcol-contrib...	{"resource": {"service.instance.id": "59ca873e-68ec-4159-b6cf-54104f0c04e5", "service.name": "otelcol-contrib", "service.version": "0.160.0"}, "Version": "0.160.0", "NumCPU": 32}
2026-09-07T15:42:25.548-0700	info	extensions/extensions.go:44	Starting extensions...	{"resource": {"service.instance.id": "59ca873e-68ec-4159-b6cf-54104f0c04e5", "service.name": "otelcol-contrib", "service.version": "0.160.0"}}
2026-09-07T15:42:25.548-0700	info	otlpreceiver@v0.160.0/otlp.go:175	Starting HTTP server	{"resource": {"service.instance.id": "59ca873e-68ec-4159-b6cf-54104f0c04e5", "service.name": "otelcol-contrib", "service.version": "0.160.0"}, "otelcol.component.id": "otlp", "otelcol.component.kind": "receiver", "endpoint": "127.0.0.1:34857"}
2026-09-07T15:42:25.548-0700	info	service@v0.160.0/service.go:284	Everything is ready. Begin running and processing data.	{"resource": {"service.instance.id": "59ca873e-68ec-4159-b6cf-54104f0c04e5", "service.name": "otelcol-contrib", "service.version": "0.160.0"}}
2026-09-07T15:42:25.606-0700	info	internal/retry_sender.go:136	Exporting failed. Will retry the request after interval.	{"resource": {"service.instance.id": "59ca873e-68ec-4159-b6cf-54104f0c04e5", "service.name": "otelcol-contrib", "service.version": "0.160.0"}, "otelcol.component.id": "otlp_http", "otelcol.component.kind": "exporter", "otelcol.signal": "logs", "error": "Throttle (1s), error: rpc error: code = Unavailable desc = error exporting items, request to http://127.0.0.1:45171/v1/logs responded with HTTP Status Code 503, Message=, Details=[]", "interval": "1s"}
2026-09-07T15:42:25.626-0700	error	internal/base_exporter.go:119	Exporting failed. Rejecting data.	{"resource": {"service.instance.id": "59ca873e-68ec-4159-b6cf-54104f0c04e5", "service.name": "otelcol-contrib", "service.version": "0.160.0"}, "otelcol.component.id": "otlp_http", "otelcol.component.kind": "exporter", "otelcol.signal": "logs", "error": "sending queue is full", "rejected_items": 1}
go.opentelemetry.io/collector/exporter/exporterhelper/internal.(*BaseExporter).Send
	go.opentelemetry.io/collector/exporter/exporterhelper@v0.160.0/internal/base_exporter.go:119
go.opentelemetry.io/collector/exporter/exporterhelper/internal.NewLogsRequest.newConsumeLogs.func1
	go.opentelemetry.io/collector/exporter/exporterhelper@v0.160.0/internal/new_request.go:70
go.opentelemetry.io/collector/consumer.ConsumeLogsFunc.ConsumeLogs
	go.opentelemetry.io/collector/consumer@v1.66.0/logs.go:27
go.opentelemetry.io/collector/service/internal/refconsumer.refLogs.ConsumeLogs
	go.opentelemetry.io/collector/service@v0.160.0/internal/refconsumer/logs.go:29
go.opentelemetry.io/collector/consumer.ConsumeLogsFunc.ConsumeLogs
	go.opentelemetry.io/collector/consumer@v1.66.0/logs.go:27
go.opentelemetry.io/collector/receiver/otlpreceiver/internal/logs.(*Receiver).Export
	go.opentelemetry.io/collector/receiver/otlpreceiver@v0.160.0/internal/logs/otlp.go:41
go.opentelemetry.io/collector/receiver/otlpreceiver.handleLogs
	go.opentelemetry.io/collector/receiver/otlpreceiver@v0.160.0/otlphttp.go:108
go.opentelemetry.io/collector/receiver/otlpreceiver.(*otlpReceiver).startHTTPServer.func3
	go.opentelemetry.io/collector/receiver/otlpreceiver@v0.160.0/otlp.go:155
net/http.HandlerFunc.ServeHTTP
	net/http/server.go:2286
net/http.(*ServeMux).ServeHTTP
	net/http/server.go:2828
go.opentelemetry.io/collector/config/confighttp.(*decompressor).ServeHTTP
	go.opentelemetry.io/collector/config/confighttp@v0.160.0/compression.go:287
go.opentelemetry.io/collector/config/confighttp.(*ServerConfig).ToServer.maxRequestBodySizeInterceptor.func3
	go.opentelemetry.io/collector/config/confighttp@v0.160.0/server.go:526
net/http.HandlerFunc.ServeHTTP
	net/http/server.go:2286
go.opentelemetry.io/contrib/instrumentation/net/http/otelhttp.(*middleware).serveHTTP
	go.opentelemetry.io/contrib/instrumentation/net/http/otelhttp@v0.70.0/handler.go:185
go.opentelemetry.io/contrib/instrumentation/net/http/otelhttp.NewMiddleware.func2.1
	go.opentelemetry.io/contrib/instrumentation/net/http/otelhttp@v0.70.0/handler.go:67
net/http.HandlerFunc.ServeHTTP
	net/http/server.go:2286
go.opentelemetry.io/collector/config/confighttp.(*clientInfoHandler).ServeHTTP
	go.opentelemetry.io/collector/config/confighttp@v0.160.0/clientinfohandler.go:26
net/http.serverHandler.ServeHTTP
	net/http/server.go:3311
net/http.(*conn).serve
	net/http/server.go:2067
2026-09-07T15:42:25.637-0700	error	internal/base_exporter.go:119	Exporting failed. Rejecting data.	{"resource": {"service.instance.id": "59ca873e-68ec-4159-b6cf-54104f0c04e5", "service.name": "otelcol-contrib", "service.version": "0.160.0"}, "otelcol.component.id": "otlp_http", "otelcol.component.kind": "exporter", "otelcol.signal": "logs", "error": "sending queue is full", "rejected_items": 1}
go.opentelemetry.io/collector/exporter/exporterhelper/internal.(*BaseExporter).Send
	go.opentelemetry.io/collector/exporter/exporterhelper@v0.160.0/internal/base_exporter.go:119
go.opentelemetry.io/collector/exporter/exporterhelper/internal.NewLogsRequest.newConsumeLogs.func1
	go.opentelemetry.io/collector/exporter/exporterhelper@v0.160.0/internal/new_request.go:70
go.opentelemetry.io/collector/consumer.ConsumeLogsFunc.ConsumeLogs
	go.opentelemetry.io/collector/consumer@v1.66.0/logs.go:27
go.opentelemetry.io/collector/service/internal/refconsumer.refLogs.ConsumeLogs
	go.opentelemetry.io/collector/service@v0.160.0/internal/refconsumer/logs.go:29
go.opentelemetry.io/collector/consumer.ConsumeLogsFunc.ConsumeLogs
	go.opentelemetry.io/collector/consumer@v1.66.0/logs.go:27
go.opentelemetry.io/collector/receiver/otlpreceiver/internal/logs.(*Receiver).Export
	go.opentelemetry.io/collector/receiver/otlpreceiver@v0.160.0/internal/logs/otlp.go:41
go.opentelemetry.io/collector/receiver/otlpreceiver.handleLogs
	go.opentelemetry.io/collector/receiver/otlpreceiver@v0.160.0/otlphttp.go:108
go.opentelemetry.io/collector/receiver/otlpreceiver.(*otlpReceiver).startHTTPServer.func3
	go.opentelemetry.io/collector/receiver/otlpreceiver@v0.160.0/otlp.go:155
net/http.HandlerFunc.ServeHTTP
	net/http/server.go:2286
net/http.(*ServeMux).ServeHTTP
	net/http/server.go:2828
go.opentelemetry.io/collector/config/confighttp.(*decompressor).ServeHTTP
	go.opentelemetry.io/collector/config/confighttp@v0.160.0/compression.go:287
go.opentelemetry.io/collector/config/confighttp.(*ServerConfig).ToServer.maxRequestBodySizeInterceptor.func3
	go.opentelemetry.io/collector/config/confighttp@v0.160.0/server.go:526
net/http.HandlerFunc.ServeHTTP
	net/http/server.go:2286
go.opentelemetry.io/contrib/instrumentation/net/http/otelhttp.(*middleware).serveHTTP
	go.opentelemetry.io/contrib/instrumentation/net/http/otelhttp@v0.70.0/handler.go:185
go.opentelemetry.io/contrib/instrumentation/net/http/otelhttp.NewMiddleware.func2.1
	go.opentelemetry.io/contrib/instrumentation/net/http/otelhttp@v0.70.0/handler.go:67
net/http.HandlerFunc.ServeHTTP
	net/http/server.go:2286
go.opentelemetry.io/collector/config/confighttp.(*clientInfoHandler).ServeHTTP
	go.opentelemetry.io/collector/config/confighttp@v0.160.0/clientinfohandler.go:26
net/http.serverHandler.ServeHTTP
	net/http/server.go:3311
net/http.(*conn).serve
	net/http/server.go:2067
2026-09-07T15:42:25.647-0700	error	internal/base_exporter.go:119	Exporting failed. Rejecting data.	{"resource": {"service.instance.id": "59ca873e-68ec-4159-b6cf-54104f0c04e5", "service.name": "otelcol-contrib", "service.version": "0.160.0"}, "otelcol.component.id": "otlp_http", "otelcol.component.kind": "exporter", "otelcol.signal": "logs", "error": "sending queue is full", "rejected_items": 1}
go.opentelemetry.io/collector/exporter/exporterhelper/internal.(*BaseExporter).Send
	go.opentelemetry.io/collector/exporter/exporterhelper@v0.160.0/internal/base_exporter.go:119
go.opentelemetry.io/collector/exporter/exporterhelper/internal.NewLogsRequest.newConsumeLogs.func1
	go.opentelemetry.io/collector/exporter/exporterhelper@v0.160.0/internal/new_request.go:70
go.opentelemetry.io/collector/consumer.ConsumeLogsFunc.ConsumeLogs
	go.opentelemetry.io/collector/consumer@v1.66.0/logs.go:27
go.opentelemetry.io/collector/service/internal/refconsumer.refLogs.ConsumeLogs
	go.opentelemetry.io/collector/service@v0.160.0/internal/refconsumer/logs.go:29
go.opentelemetry.io/collector/consumer.ConsumeLogsFunc.ConsumeLogs
	go.opentelemetry.io/collector/consumer@v1.66.0/logs.go:27
go.opentelemetry.io/collector/receiver/otlpreceiver/internal/logs.(*Receiver).Export
	go.opentelemetry.io/collector/receiver/otlpreceiver@v0.160.0/internal/logs/otlp.go:41
go.opentelemetry.io/collector/receiver/otlpreceiver.handleLogs
	go.opentelemetry.io/collector/receiver/otlpreceiver@v0.160.0/otlphttp.go:108
go.opentelemetry.io/collector/receiver/otlpreceiver.(*otlpReceiver).startHTTPServer.func3
	go.opentelemetry.io/collector/receiver/otlpreceiver@v0.160.0/otlp.go:155
net/http.HandlerFunc.ServeHTTP
	net/http/server.go:2286
net/http.(*ServeMux).ServeHTTP
	net/http/server.go:2828
go.opentelemetry.io/collector/config/confighttp.(*decompressor).ServeHTTP
	go.opentelemetry.io/collector/config/confighttp@v0.160.0/compression.go:287
go.opentelemetry.io/collector/config/confighttp.(*ServerConfig).ToServer.maxRequestBodySizeInterceptor.func3
	go.opentelemetry.io/collector/config/confighttp@v0.160.0/server.go:526
net/http.HandlerFunc.ServeHTTP
	net/http/server.go:2286
go.opentelemetry.io/contrib/instrumentation/net/http/otelhttp.(*middleware).serveHTTP
	go.opentelemetry.io/contrib/instrumentation/net/http/otelhttp@v0.70.0/handler.go:185
go.opentelemetry.io/contrib/instrumentation/net/http/otelhttp.NewMiddleware.func2.1
	go.opentelemetry.io/contrib/instrumentation/net/http/otelhttp@v0.70.0/handler.go:67
net/http.HandlerFunc.ServeHTTP
	net/http/server.go:2286
go.opentelemetry.io/collector/config/confighttp.(*clientInfoHandler).ServeHTTP
	go.opentelemetry.io/collector/config/confighttp@v0.160.0/clientinfohandler.go:26
net/http.serverHandler.ServeHTTP
	net/http/server.go:3311
net/http.(*conn).serve
	net/http/server.go:2067
2026-09-07T15:42:25.658-0700	error	internal/base_exporter.go:119	Exporting failed. Rejecting data.	{"resource": {"service.instance.id": "59ca873e-68ec-4159-b6cf-54104f0c04e5", "service.name": "otelcol-contrib", "service.version": "0.160.0"}, "otelcol.component.id": "otlp_http", "otelcol.component.kind": "exporter", "otelcol.signal": "logs", "error": "sending queue is full", "rejected_items": 1}
go.opentelemetry.io/collector/exporter/exporterhelper/internal.(*BaseExporter).Send
	go.opentelemetry.io/collector/exporter/exporterhelper@v0.160.0/internal/base_exporter.go:119
go.opentelemetry.io/collector/exporter/exporterhelper/internal.NewLogsRequest.newConsumeLogs.func1
	go.opentelemetry.io/collector/exporter/exporterhelper@v0.160.0/internal/new_request.go:70
go.opentelemetry.io/collector/consumer.ConsumeLogsFunc.ConsumeLogs
	go.opentelemetry.io/collector/consumer@v1.66.0/logs.go:27
go.opentelemetry.io/collector/service/internal/refconsumer.refLogs.ConsumeLogs
	go.opentelemetry.io/collector/service@v0.160.0/internal/refconsumer/logs.go:29
go.opentelemetry.io/collector/consumer.ConsumeLogsFunc.ConsumeLogs
	go.opentelemetry.io/collector/consumer@v1.66.0/logs.go:27
go.opentelemetry.io/collector/receiver/otlpreceiver/internal/logs.(*Receiver).Export
	go.opentelemetry.io/collector/receiver/otlpreceiver@v0.160.0/internal/logs/otlp.go:41
go.opentelemetry.io/collector/receiver/otlpreceiver.handleLogs
	go.opentelemetry.io/collector/receiver/otlpreceiver@v0.160.0/otlphttp.go:108
go.opentelemetry.io/collector/receiver/otlpreceiver.(*otlpReceiver).startHTTPServer.func3
	go.opentelemetry.io/collector/receiver/otlpreceiver@v0.160.0/otlp.go:155
net/http.HandlerFunc.ServeHTTP
	net/http/server.go:2286
net/http.(*ServeMux).ServeHTTP
	net/http/server.go:2828
go.opentelemetry.io/collector/config/confighttp.(*decompressor).ServeHTTP
	go.opentelemetry.io/collector/config/confighttp@v0.160.0/compression.go:287
go.opentelemetry.io/collector/config/confighttp.(*ServerConfig).ToServer.maxRequestBodySizeInterceptor.func3
	go.opentelemetry.io/collector/config/confighttp@v0.160.0/server.go:526
net/http.HandlerFunc.ServeHTTP
	net/http/server.go:2286
go.opentelemetry.io/contrib/instrumentation/net/http/otelhttp.(*middleware).serveHTTP
	go.opentelemetry.io/contrib/instrumentation/net/http/otelhttp@v0.70.0/handler.go:185
go.opentelemetry.io/contrib/instrumentation/net/http/otelhttp.NewMiddleware.func2.1
	go.opentelemetry.io/contrib/instrumentation/net/http/otelhttp@v0.70.0/handler.go:67
net/http.HandlerFunc.ServeHTTP
	net/http/server.go:2286
go.opentelemetry.io/collector/config/confighttp.(*clientInfoHandler).ServeHTTP
	go.opentelemetry.io/collector/config/confighttp@v0.160.0/clientinfohandler.go:26
net/http.serverHandler.ServeHTTP
	net/http/server.go:3311
net/http.(*conn).serve
	net/http/server.go:2067
2026-09-07T15:42:25.670-0700	error	internal/base_exporter.go:119	Exporting failed. Rejecting data.	{"resource": {"service.instance.id": "59ca873e-68ec-4159-b6cf-54104f0c04e5", "service.name": "otelcol-contrib", "service.version": "0.160.0"}, "otelcol.component.id": "otlp_http", "otelcol.component.kind": "exporter", "otelcol.signal": "logs", "error": "sending queue is full", "rejected_items": 1}
go.opentelemetry.io/collector/exporter/exporterhelper/internal.(*BaseExporter).Send
	go.opentelemetry.io/collector/exporter/exporterhelper@v0.160.0/internal/base_exporter.go:119
go.opentelemetry.io/collector/exporter/exporterhelper/internal.NewLogsRequest.newConsumeLogs.func1
	go.opentelemetry.io/collector/exporter/exporterhelper@v0.160.0/internal/new_request.go:70
go.opentelemetry.io/collector/consumer.ConsumeLogsFunc.ConsumeLogs
	go.opentelemetry.io/collector/consumer@v1.66.0/logs.go:27
go.opentelemetry.io/collector/service/internal/refconsumer.refLogs.ConsumeLogs
	go.opentelemetry.io/collector/service@v0.160.0/internal/refconsumer/logs.go:29
go.opentelemetry.io/collector/consumer.ConsumeLogsFunc.ConsumeLogs
	go.opentelemetry.io/collector/consumer@v1.66.0/logs.go:27
go.opentelemetry.io/collector/receiver/otlpreceiver/internal/logs.(*Receiver).Export
	go.opentelemetry.io/collector/receiver/otlpreceiver@v0.160.0/internal/logs/otlp.go:41
go.opentelemetry.io/collector/receiver/otlpreceiver.handleLogs
	go.opentelemetry.io/collector/receiver/otlpreceiver@v0.160.0/otlphttp.go:108
go.opentelemetry.io/collector/receiver/otlpreceiver.(*otlpReceiver).startHTTPServer.func3
	go.opentelemetry.io/collector/receiver/otlpreceiver@v0.160.0/otlp.go:155
net/http.HandlerFunc.ServeHTTP
	net/http/server.go:2286
net/http.(*ServeMux).ServeHTTP
	net/http/server.go:2828
go.opentelemetry.io/collector/config/confighttp.(*decompressor).ServeHTTP
	go.opentelemetry.io/collector/config/confighttp@v0.160.0/compression.go:287
go.opentelemetry.io/collector/config/confighttp.(*ServerConfig).ToServer.maxRequestBodySizeInterceptor.func3
	go.opentelemetry.io/collector/config/confighttp@v0.160.0/server.go:526
net/http.HandlerFunc.ServeHTTP
	net/http/server.go:2286
go.opentelemetry.io/contrib/instrumentation/net/http/otelhttp.(*middleware).serveHTTP
	go.opentelemetry.io/contrib/instrumentation/net/http/otelhttp@v0.70.0/handler.go:185
go.opentelemetry.io/contrib/instrumentation/net/http/otelhttp.NewMiddleware.func2.1
	go.opentelemetry.io/contrib/instrumentation/net/http/otelhttp@v0.70.0/handler.go:67
net/http.HandlerFunc.ServeHTTP
	net/http/server.go:2286
go.opentelemetry.io/collector/config/confighttp.(*clientInfoHandler).ServeHTTP
	go.opentelemetry.io/collector/config/confighttp@v0.160.0/clientinfohandler.go:26
net/http.serverHandler.ServeHTTP
	net/http/server.go:3311
net/http.(*conn).serve
	net/http/server.go:2067
2026-09-07T15:42:25.680-0700	error	internal/base_exporter.go:119	Exporting failed. Rejecting data.	{"resource": {"service.instance.id": "59ca873e-68ec-4159-b6cf-54104f0c04e5", "service.name": "otelcol-contrib", "service.version": "0.160.0"}, "otelcol.component.id": "otlp_http", "otelcol.component.kind": "exporter", "otelcol.signal": "logs", "error": "sending queue is full", "rejected_items": 1}
go.opentelemetry.io/collector/exporter/exporterhelper/internal.(*BaseExporter).Send
	go.opentelemetry.io/collector/exporter/exporterhelper@v0.160.0/internal/base_exporter.go:119
go.opentelemetry.io/collector/exporter/exporterhelper/internal.NewLogsRequest.newConsumeLogs.func1
	go.opentelemetry.io/collector/exporter/exporterhelper@v0.160.0/internal/new_request.go:70
go.opentelemetry.io/collector/consumer.ConsumeLogsFunc.ConsumeLogs
	go.opentelemetry.io/collector/consumer@v1.66.0/logs.go:27
go.opentelemetry.io/collector/service/internal/refconsumer.refLogs.ConsumeLogs
	go.opentelemetry.io/collector/service@v0.160.0/internal/refconsumer/logs.go:29
go.opentelemetry.io/collector/consumer.ConsumeLogsFunc.ConsumeLogs
	go.opentelemetry.io/collector/consumer@v1.66.0/logs.go:27
go.opentelemetry.io/collector/receiver/otlpreceiver/internal/logs.(*Receiver).Export
	go.opentelemetry.io/collector/receiver/otlpreceiver@v0.160.0/internal/logs/otlp.go:41
go.opentelemetry.io/collector/receiver/otlpreceiver.handleLogs
	go.opentelemetry.io/collector/receiver/otlpreceiver@v0.160.0/otlphttp.go:108
go.opentelemetry.io/collector/receiver/otlpreceiver.(*otlpReceiver).startHTTPServer.func3
	go.opentelemetry.io/collector/receiver/otlpreceiver@v0.160.0/otlp.go:155
net/http.HandlerFunc.ServeHTTP
	net/http/server.go:2286
net/http.(*ServeMux).ServeHTTP
	net/http/server.go:2828
go.opentelemetry.io/collector/config/confighttp.(*decompressor).ServeHTTP
	go.opentelemetry.io/collector/config/confighttp@v0.160.0/compression.go:287
go.opentelemetry.io/collector/config/confighttp.(*ServerConfig).ToServer.maxRequestBodySizeInterceptor.func3
	go.opentelemetry.io/collector/config/confighttp@v0.160.0/server.go:526
net/http.HandlerFunc.ServeHTTP
	net/http/server.go:2286
go.opentelemetry.io/contrib/instrumentation/net/http/otelhttp.(*middleware).serveHTTP
	go.opentelemetry.io/contrib/instrumentation/net/http/otelhttp@v0.70.0/handler.go:185
go.opentelemetry.io/contrib/instrumentation/net/http/otelhttp.NewMiddleware.func2.1
	go.opentelemetry.io/contrib/instrumentation/net/http/otelhttp@v0.70.0/handler.go:67
net/http.HandlerFunc.ServeHTTP
	net/http/server.go:2286
go.opentelemetry.io/collector/config/confighttp.(*clientInfoHandler).ServeHTTP
	go.opentelemetry.io/collector/config/confighttp@v0.160.0/clientinfohandler.go:26
net/http.serverHandler.ServeHTTP
	net/http/server.go:3311
net/http.(*conn).serve
	net/http/server.go:2067
2026-09-07T15:42:25.690-0700	error	internal/base_exporter.go:119	Exporting failed. Rejecting data.	{"resource": {"service.instance.id": "59ca873e-68ec-4159-b6cf-54104f0c04e5", "service.name": "otelcol-contrib", "service.version": "0.160.0"}, "otelcol.component.id": "otlp_http", "otelcol.component.kind": "exporter", "otelcol.signal": "logs", "error": "sending queue is full", "rejected_items": 1}
go.opentelemetry.io/collector/exporter/exporterhelper/internal.(*BaseExporter).Send
	go.opentelemetry.io/collector/exporter/exporterhelper@v0.160.0/internal/base_exporter.go:119
go.opentelemetry.io/collector/exporter/exporterhelper/internal.NewLogsRequest.newConsumeLogs.func1
	go.opentelemetry.io/collector/exporter/exporterhelper@v0.160.0/internal/new_request.go:70
go.opentelemetry.io/collector/consumer.ConsumeLogsFunc.ConsumeLogs
	go.opentelemetry.io/collector/consumer@v1.66.0/logs.go:27
go.opentelemetry.io/collector/service/internal/refconsumer.refLogs.ConsumeLogs
	go.opentelemetry.io/collector/service@v0.160.0/internal/refconsumer/logs.go:29
go.opentelemetry.io/collector/consumer.ConsumeLogsFunc.ConsumeLogs
	go.opentelemetry.io/collector/consumer@v1.66.0/logs.go:27
go.opentelemetry.io/collector/receiver/otlpreceiver/internal/logs.(*Receiver).Export
	go.opentelemetry.io/collector/receiver/otlpreceiver@v0.160.0/internal/logs/otlp.go:41
go.opentelemetry.io/collector/receiver/otlpreceiver.handleLogs
	go.opentelemetry.io/collector/receiver/otlpreceiver@v0.160.0/otlphttp.go:108
go.opentelemetry.io/collector/receiver/otlpreceiver.(*otlpReceiver).startHTTPServer.func3
	go.opentelemetry.io/collector/receiver/otlpreceiver@v0.160.0/otlp.go:155
net/http.HandlerFunc.ServeHTTP
	net/http/server.go:2286
net/http.(*ServeMux).ServeHTTP
	net/http/server.go:2828
go.opentelemetry.io/collector/config/confighttp.(*decompressor).ServeHTTP
	go.opentelemetry.io/collector/config/confighttp@v0.160.0/compression.go:287
go.opentelemetry.io/collector/config/confighttp.(*ServerConfig).ToServer.maxRequestBodySizeInterceptor.func3
	go.opentelemetry.io/collector/config/confighttp@v0.160.0/server.go:526
net/http.HandlerFunc.ServeHTTP
	net/http/server.go:2286
go.opentelemetry.io/contrib/instrumentation/net/http/otelhttp.(*middleware).serveHTTP
	go.opentelemetry.io/contrib/instrumentation/net/http/otelhttp@v0.70.0/handler.go:185
go.opentelemetry.io/contrib/instrumentation/net/http/otelhttp.NewMiddleware.func2.1
	go.opentelemetry.io/contrib/instrumentation/net/http/otelhttp@v0.70.0/handler.go:67
net/http.HandlerFunc.ServeHTTP
	net/http/server.go:2286
go.opentelemetry.io/collector/config/confighttp.(*clientInfoHandler).ServeHTTP
	go.opentelemetry.io/collector/config/confighttp@v0.160.0/clientinfohandler.go:26
net/http.serverHandler.ServeHTTP
	net/http/server.go:3311
net/http.(*conn).serve
	net/http/server.go:2067
2026-09-07T15:42:25.701-0700	error	internal/base_exporter.go:119	Exporting failed. Rejecting data.	{"resource": {"service.instance.id": "59ca873e-68ec-4159-b6cf-54104f0c04e5", "service.name": "otelcol-contrib", "service.version": "0.160.0"}, "otelcol.component.id": "otlp_http", "otelcol.component.kind": "exporter", "otelcol.signal": "logs", "error": "sending queue is full", "rejected_items": 1}
go.opentelemetry.io/collector/exporter/exporterhelper/internal.(*BaseExporter).Send
	go.opentelemetry.io/collector/exporter/exporterhelper@v0.160.0/internal/base_exporter.go:119
go.opentelemetry.io/collector/exporter/exporterhelper/internal.NewLogsRequest.newConsumeLogs.func1
	go.opentelemetry.io/collector/exporter/exporterhelper@v0.160.0/internal/new_request.go:70
go.opentelemetry.io/collector/consumer.ConsumeLogsFunc.ConsumeLogs
	go.opentelemetry.io/collector/consumer@v1.66.0/logs.go:27
go.opentelemetry.io/collector/service/internal/refconsumer.refLogs.ConsumeLogs
	go.opentelemetry.io/collector/service@v0.160.0/internal/refconsumer/logs.go:29
go.opentelemetry.io/collector/consumer.ConsumeLogsFunc.ConsumeLogs
	go.opentelemetry.io/collector/consumer@v1.66.0/logs.go:27
go.opentelemetry.io/collector/receiver/otlpreceiver/internal/logs.(*Receiver).Export
	go.opentelemetry.io/collector/receiver/otlpreceiver@v0.160.0/internal/logs/otlp.go:41
go.opentelemetry.io/collector/receiver/otlpreceiver.handleLogs
	go.opentelemetry.io/collector/receiver/otlpreceiver@v0.160.0/otlphttp.go:108
go.opentelemetry.io/collector/receiver/otlpreceiver.(*otlpReceiver).startHTTPServer.func3
	go.opentelemetry.io/collector/receiver/otlpreceiver@v0.160.0/otlp.go:155
net/http.HandlerFunc.ServeHTTP
	net/http/server.go:2286
net/http.(*ServeMux).ServeHTTP
	net/http/server.go:2828
go.opentelemetry.io/collector/config/confighttp.(*decompressor).ServeHTTP
	go.opentelemetry.io/collector/config/confighttp@v0.160.0/compression.go:287
go.opentelemetry.io/collector/config/confighttp.(*ServerConfig).ToServer.maxRequestBodySizeInterceptor.func3
	go.opentelemetry.io/collector/config/confighttp@v0.160.0/server.go:526
net/http.HandlerFunc.ServeHTTP
	net/http/server.go:2286
go.opentelemetry.io/contrib/instrumentation/net/http/otelhttp.(*middleware).serveHTTP
	go.opentelemetry.io/contrib/instrumentation/net/http/otelhttp@v0.70.0/handler.go:185
go.opentelemetry.io/contrib/instrumentation/net/http/otelhttp.NewMiddleware.func2.1
	go.opentelemetry.io/contrib/instrumentation/net/http/otelhttp@v0.70.0/handler.go:67
net/http.HandlerFunc.ServeHTTP
	net/http/server.go:2286
go.opentelemetry.io/collector/config/confighttp.(*clientInfoHandler).ServeHTTP
	go.opentelemetry.io/collector/config/confighttp@v0.160.0/clientinfohandler.go:26
net/http.serverHandler.ServeHTTP
	net/http/server.go:3311
net/http.(*conn).serve
	net/http/server.go:2067
2026-09-07T15:42:25.711-0700	error	internal/base_exporter.go:119	Exporting failed. Rejecting data.	{"resource": {"service.instance.id": "59ca873e-68ec-4159-b6cf-54104f0c04e5", "service.name": "otelcol-contrib", "service.version": "0.160.0"}, "otelcol.component.id": "otlp_http", "otelcol.component.kind": "exporter", "otelcol.signal": "logs", "error": "sending queue is full", "rejected_items": 1}
go.opentelemetry.io/collector/exporter/exporterhelper/internal.(*BaseExporter).Send
	go.opentelemetry.io/collector/exporter/exporterhelper@v0.160.0/internal/base_exporter.go:119
go.opentelemetry.io/collector/exporter/exporterhelper/internal.NewLogsRequest.newConsumeLogs.func1
	go.opentelemetry.io/collector/exporter/exporterhelper@v0.160.0/internal/new_request.go:70
go.opentelemetry.io/collector/consumer.ConsumeLogsFunc.ConsumeLogs
	go.opentelemetry.io/collector/consumer@v1.66.0/logs.go:27
go.opentelemetry.io/collector/service/internal/refconsumer.refLogs.ConsumeLogs
	go.opentelemetry.io/collector/service@v0.160.0/internal/refconsumer/logs.go:29
go.opentelemetry.io/collector/consumer.ConsumeLogsFunc.ConsumeLogs
	go.opentelemetry.io/collector/consumer@v1.66.0/logs.go:27
go.opentelemetry.io/collector/receiver/otlpreceiver/internal/logs.(*Receiver).Export
	go.opentelemetry.io/collector/receiver/otlpreceiver@v0.160.0/internal/logs/otlp.go:41
go.opentelemetry.io/collector/receiver/otlpreceiver.handleLogs
	go.opentelemetry.io/collector/receiver/otlpreceiver@v0.160.0/otlphttp.go:108
go.opentelemetry.io/collector/receiver/otlpreceiver.(*otlpReceiver).startHTTPServer.func3
	go.opentelemetry.io/collector/receiver/otlpreceiver@v0.160.0/otlp.go:155
net/http.HandlerFunc.ServeHTTP
	net/http/server.go:2286
net/http.(*ServeMux).ServeHTTP
	net/http/server.go:2828
go.opentelemetry.io/collector/config/confighttp.(*decompressor).ServeHTTP
	go.opentelemetry.io/collector/config/confighttp@v0.160.0/compression.go:287
go.opentelemetry.io/collector/config/confighttp.(*ServerConfig).ToServer.maxRequestBodySizeInterceptor.func3
	go.opentelemetry.io/collector/config/confighttp@v0.160.0/server.go:526
net/http.HandlerFunc.ServeHTTP
	net/http/server.go:2286
go.opentelemetry.io/contrib/instrumentation/net/http/otelhttp.(*middleware).serveHTTP
	go.opentelemetry.io/contrib/instrumentation/net/http/otelhttp@v0.70.0/handler.go:185
go.opentelemetry.io/contrib/instrumentation/net/http/otelhttp.NewMiddleware.func2.1
	go.opentelemetry.io/contrib/instrumentation/net/http/otelhttp@v0.70.0/handler.go:67
net/http.HandlerFunc.ServeHTTP
	net/http/server.go:2286
go.opentelemetry.io/collector/config/confighttp.(*clientInfoHandler).ServeHTTP
	go.opentelemetry.io/collector/config/confighttp@v0.160.0/clientinfohandler.go:26
net/http.serverHandler.ServeHTTP
	net/http/server.go:3311
net/http.(*conn).serve
	net/http/server.go:2067
2026-09-07T15:42:25.722-0700	error	internal/base_exporter.go:119	Exporting failed. Rejecting data.	{"resource": {"service.instance.id": "59ca873e-68ec-4159-b6cf-54104f0c04e5", "service.name": "otelcol-contrib", "service.version": "0.160.0"}, "otelcol.component.id": "otlp_http", "otelcol.component.kind": "exporter", "otelcol.signal": "logs", "error": "sending queue is full", "rejected_items": 1}
go.opentelemetry.io/collector/exporter/exporterhelper/internal.(*BaseExporter).Send
	go.opentelemetry.io/collector/exporter/exporterhelper@v0.160.0/internal/base_exporter.go:119
go.opentelemetry.io/collector/exporter/exporterhelper/internal.NewLogsRequest.newConsumeLogs.func1
	go.opentelemetry.io/collector/exporter/exporterhelper@v0.160.0/internal/new_request.go:70
go.opentelemetry.io/collector/consumer.ConsumeLogsFunc.ConsumeLogs
	go.opentelemetry.io/collector/consumer@v1.66.0/logs.go:27
go.opentelemetry.io/collector/service/internal/refconsumer.refLogs.ConsumeLogs
	go.opentelemetry.io/collector/service@v0.160.0/internal/refconsumer/logs.go:29
go.opentelemetry.io/collector/consumer.ConsumeLogsFunc.ConsumeLogs
	go.opentelemetry.io/collector/consumer@v1.66.0/logs.go:27
go.opentelemetry.io/collector/receiver/otlpreceiver/internal/logs.(*Receiver).Export
	go.opentelemetry.io/collector/receiver/otlpreceiver@v0.160.0/internal/logs/otlp.go:41
go.opentelemetry.io/collector/receiver/otlpreceiver.handleLogs
	go.opentelemetry.io/collector/receiver/otlpreceiver@v0.160.0/otlphttp.go:108
go.opentelemetry.io/collector/receiver/otlpreceiver.(*otlpReceiver).startHTTPServer.func3
	go.opentelemetry.io/collector/receiver/otlpreceiver@v0.160.0/otlp.go:155
net/http.HandlerFunc.ServeHTTP
	net/http/server.go:2286
net/http.(*ServeMux).ServeHTTP
	net/http/server.go:2828
go.opentelemetry.io/collector/config/confighttp.(*decompressor).ServeHTTP
	go.opentelemetry.io/collector/config/confighttp@v0.160.0/compression.go:287
go.opentelemetry.io/collector/config/confighttp.(*ServerConfig).ToServer.maxRequestBodySizeInterceptor.func3
	go.opentelemetry.io/collector/config/confighttp@v0.160.0/server.go:526
net/http.HandlerFunc.ServeHTTP
	net/http/server.go:2286
go.opentelemetry.io/contrib/instrumentation/net/http/otelhttp.(*middleware).serveHTTP
	go.opentelemetry.io/contrib/instrumentation/net/http/otelhttp@v0.70.0/handler.go:185
go.opentelemetry.io/contrib/instrumentation/net/http/otelhttp.NewMiddleware.func2.1
	go.opentelemetry.io/contrib/instrumentation/net/http/otelhttp@v0.70.0/handler.go:67
net/http.HandlerFunc.ServeHTTP
	net/http/server.go:2286
go.opentelemetry.io/collector/config/confighttp.(*clientInfoHandler).ServeHTTP
	go.opentelemetry.io/collector/config/confighttp@v0.160.0/clientinfohandler.go:26
net/http.serverHandler.ServeHTTP
	net/http/server.go:3311
net/http.(*conn).serve
	net/http/server.go:2067
2026-09-07T15:42:27.850-0700	info	otelcol@v0.160.0/collector.go:477	Received signal from OS	{"resource": {"service.instance.id": "59ca873e-68ec-4159-b6cf-54104f0c04e5", "service.name": "otelcol-contrib", "service.version": "0.160.0"}, "signal": "terminated"}
2026-09-07T15:42:27.850-0700	info	service@v0.160.0/service.go:322	Starting shutdown...	{"resource": {"service.instance.id": "59ca873e-68ec-4159-b6cf-54104f0c04e5", "service.name": "otelcol-contrib", "service.version": "0.160.0"}}
2026-09-07T15:42:27.850-0700	info	extensions/extensions.go:73	Stopping extensions...	{"resource": {"service.instance.id": "59ca873e-68ec-4159-b6cf-54104f0c04e5", "service.name": "otelcol-contrib", "service.version": "0.160.0"}}
2026-09-07T15:42:27.850-0700	info	service@v0.160.0/service.go:336	Shutdown complete.	{"resource": {"service.instance.id": "59ca873e-68ec-4159-b6cf-54104f0c04e5", "service.name": "otelcol-contrib", "service.version": "0.160.0"}}
